Archive member included to satisfy reference by file (symbol)

C:/Users/SMurilo/.pico-sdk/toolchain/14_2_Rel1/bin/../lib/gcc/arm-none-eabi/14.2.1/thumb/v6-m/nofp\libgcc.a(_dvmd_tls.o)
                              CMakeFiles/semaforo.dir/C_/Users/SMurilo/.pico-sdk/sdk/2.1.1/src/rp2_common/pico_divider/divider_hardware.S.obj (__aeabi_idiv0)
C:/Users/SMurilo/.pico-sdk/toolchain/14_2_Rel1/bin/../lib/gcc/arm-none-eabi/14.2.1/thumb/v6-m/nofp\libg.a(libc_a-calloc.o)
                              CMakeFiles/semaforo.dir/C_/Users/SMurilo/.pico-sdk/sdk/2.1.1/src/rp2_common/pico_malloc/malloc.c.obj (calloc)
C:/Users/SMurilo/.pico-sdk/toolchain/14_2_Rel1/bin/../lib/gcc/arm-none-eabi/14.2.1/thumb/v6-m/nofp\libg.a(libc_a-callocr.o)
                              C:/Users/SMurilo/.pico-sdk/toolchain/14_2_Rel1/bin/../lib/gcc/arm-none-eabi/14.2.1/thumb/v6-m/nofp\libg.a(libc_a-calloc.o) (_calloc_r)
C:/Users/SMurilo/.pico-sdk/toolchain/14_2_Rel1/bin/../lib/gcc/arm-none-eabi/14.2.1/thumb/v6-m/nofp\libg.a(libc_a-malloc.o)
                              CMakeFiles/semaforo.dir/C_/Users/SMurilo/.pico-sdk/sdk/2.1.1/src/rp2_common/pico_malloc/malloc.c.obj (malloc)
C:/Users/SMurilo/.pico-sdk/toolchain/14_2_Rel1/bin/../lib/gcc/arm-none-eabi/14.2.1/thumb/v6-m/nofp\libg.a(libc_a-mallocr.o)
                              C:/Users/SMurilo/.pico-sdk/toolchain/14_2_Rel1/bin/../lib/gcc/arm-none-eabi/14.2.1/thumb/v6-m/nofp\libg.a(libc_a-callocr.o) (_malloc_r)
C:/Users/SMurilo/.pico-sdk/toolchain/14_2_Rel1/bin/../lib/gcc/arm-none-eabi/14.2.1/thumb/v6-m/nofp\libg.a(libc_a-mlock.o)
                              C:/Users/SMurilo/.pico-sdk/toolchain/14_2_Rel1/bin/../lib/gcc/arm-none-eabi/14.2.1/thumb/v6-m/nofp\libg.a(libc_a-mallocr.o) (__malloc_lock)
C:/Users/SMurilo/.pico-sdk/toolchain/14_2_Rel1/bin/../lib/gcc/arm-none-eabi/14.2.1/thumb/v6-m/nofp\libg.a(libc_a-realloc.o)
                              CMakeFiles/semaforo.dir/C_/Users/SMurilo/.pico-sdk/sdk/2.1.1/src/rp2_common/pico_malloc/malloc.c.obj (realloc)
C:/Users/SMurilo/.pico-sdk/toolchain/14_2_Rel1/bin/../lib/gcc/arm-none-eabi/14.2.1/thumb/v6-m/nofp\libg.a(libc_a-reallocr.o)
                              C:/Users/SMurilo/.pico-sdk/toolchain/14_2_Rel1/bin/../lib/gcc/arm-none-eabi/14.2.1/thumb/v6-m/nofp\libg.a(libc_a-realloc.o) (_realloc_r)
C:/Users/SMurilo/.pico-sdk/toolchain/14_2_Rel1/bin/../lib/gcc/arm-none-eabi/14.2.1/thumb/v6-m/nofp\libg.a(libc_a-memcmp.o)
                              CMakeFiles/semaforo.dir/C_/Users/SMurilo/.pico-sdk/sdk/2.1.1/src/rp2_common/pico_atomic/atomic.c.obj (memcmp)
C:/Users/SMurilo/.pico-sdk/toolchain/14_2_Rel1/bin/../lib/gcc/arm-none-eabi/14.2.1/thumb/v6-m/nofp\libg.a(libc_a-memmove.o)
                              C:/Users/SMurilo/.pico-sdk/toolchain/14_2_Rel1/bin/../lib/gcc/arm-none-eabi/14.2.1/thumb/v6-m/nofp\libg.a(libc_a-reallocr.o) (memmove)
C:/Users/SMurilo/.pico-sdk/toolchain/14_2_Rel1/bin/../lib/gcc/arm-none-eabi/14.2.1/thumb/v6-m/nofp\libg.a(libc_a-lcltime_r.o)
                              CMakeFiles/semaforo.dir/C_/Users/SMurilo/.pico-sdk/sdk/2.1.1/src/common/pico_util/datetime.c.obj (localtime_r)
C:/Users/SMurilo/.pico-sdk/toolchain/14_2_Rel1/bin/../lib/gcc/arm-none-eabi/14.2.1/thumb/v6-m/nofp\libg.a(libc_a-mktime.o)
                              CMakeFiles/semaforo.dir/C_/Users/SMurilo/.pico-sdk/sdk/2.1.1/src/common/pico_util/datetime.c.obj (mktime)
C:/Users/SMurilo/.pico-sdk/toolchain/14_2_Rel1/bin/../lib/gcc/arm-none-eabi/14.2.1/thumb/v6-m/nofp\libg.a(libc_a-month_lengths.o)
                              C:/Users/SMurilo/.pico-sdk/toolchain/14_2_Rel1/bin/../lib/gcc/arm-none-eabi/14.2.1/thumb/v6-m/nofp\libg.a(libc_a-lcltime_r.o) (__month_lengths)
C:/Users/SMurilo/.pico-sdk/toolchain/14_2_Rel1/bin/../lib/gcc/arm-none-eabi/14.2.1/thumb/v6-m/nofp\libg.a(libc_a-tzcalc_limits.o)
                              C:/Users/SMurilo/.pico-sdk/toolchain/14_2_Rel1/bin/../lib/gcc/arm-none-eabi/14.2.1/thumb/v6-m/nofp\libg.a(libc_a-lcltime_r.o) (__tzcalc_limits)
C:/Users/SMurilo/.pico-sdk/toolchain/14_2_Rel1/bin/../lib/gcc/arm-none-eabi/14.2.1/thumb/v6-m/nofp\libg.a(libc_a-tzlock.o)
                              C:/Users/SMurilo/.pico-sdk/toolchain/14_2_Rel1/bin/../lib/gcc/arm-none-eabi/14.2.1/thumb/v6-m/nofp\libg.a(libc_a-lcltime_r.o) (__tz_lock)
C:/Users/SMurilo/.pico-sdk/toolchain/14_2_Rel1/bin/../lib/gcc/arm-none-eabi/14.2.1/thumb/v6-m/nofp\libg.a(libc_a-tzset.o)
                              C:/Users/SMurilo/.pico-sdk/toolchain/14_2_Rel1/bin/../lib/gcc/arm-none-eabi/14.2.1/thumb/v6-m/nofp\libg.a(libc_a-lcltime_r.o) (_tzset_unlocked)
C:/Users/SMurilo/.pico-sdk/toolchain/14_2_Rel1/bin/../lib/gcc/arm-none-eabi/14.2.1/thumb/v6-m/nofp\libg.a(libc_a-tzset_r.o)
                              C:/Users/SMurilo/.pico-sdk/toolchain/14_2_Rel1/bin/../lib/gcc/arm-none-eabi/14.2.1/thumb/v6-m/nofp\libg.a(libc_a-tzset.o) (_tzset_unlocked_r)
C:/Users/SMurilo/.pico-sdk/toolchain/14_2_Rel1/bin/../lib/gcc/arm-none-eabi/14.2.1/thumb/v6-m/nofp\libg.a(libc_a-tzvars.o)
[...]
Memory Configuration

Name             Origin             Length             Attributes
FLASH            0x10000000         0x00200000         xr
RAM              0x20000000         0x00040000         xrw
SCRATCH_X        0x20040000         0x00001000         xrw
SCRATCH_Y        0x20041000         0x00001000         xrw
*default*        0x00000000         0xffffffff

Linker script and memory map

LOAD C:/Users/SMurilo/.pico-sdk/toolchain/14_2_Rel1/bin/../lib/gcc/arm-none-eabi/14.2.1/thumb/v6-m/nofp/crti.o
LOAD C:/Users/SMurilo/.pico-sdk/toolchain/14_2_Rel1/bin/../lib/gcc/arm-none-eabi/14.2.1/thumb/v6-m/nofp/crtbegin.o
LOAD C:/Users/SMurilo/.pico-sdk/toolchain/14_2_Rel1/bin/../lib/gcc/arm-none-eabi/14.2.1/thumb/v6-m/nofp/crt0.o

.flash_begin    0x10000000        0x0
                0x10000000                        __flash_binary_start = .

.boot2          0x10000000      0x100
                0x10000000                        __boot2_start__ = .
 *(.boot2)
 .boot2         0x10000000      0x100 pico-sdk/src/rp2040/boot_stage2/CMakeFiles/bs2_default_library.dir/./bs2_default_padded_checksummed.S.obj
                0x10000100                        __boot2_end__ = .
                0x00000001                        ASSERT (((__boot2_end__ - __boot2_start__) == 0x100), ERROR: Pico second stage bootloader must be 256 bytes in size)

.text           0x10000100     0x6e8c
                0x10000100                        __logical_binary_start = .
 *(.vectors)
 .vectors       0x10000100       0xd4 CMakeFiles/semaforo.dir/C_/Users/SMurilo/.pico-sdk/sdk/2.1.1/src/rp2_common/pico_crt0/crt0.S.obj
                0x10000100                __VECTOR_TABLE
                0x10000100                __vectors
                0x100001c0                isr_invalid
                0x100001c0                __default_isrs_start
                0x100001c2                isr_nmi
                0x100001c4                isr_hardfault
                0x100001c6                isr_svcall
                0x100001c8                isr_pendsv
                0x100001ca                isr_systick
                0x100001cc                isr_irq23
                0x100001cc                isr_irq18
                0x100001cc                isr_irq11
                0x100001cc                isr_irq28
                0x100001cc                isr_irq19
                0x100001cc                isr_irq0
                0x100001cc                isr_irq6
                0x100001cc                isr_irq5
                0x100001cc                isr_irq12
                0x100001cc                isr_irq22
                0x100001cc                isr_irq31
                0x100001cc                isr_irq17
                0x100001cc                isr_irq27
                0x100001cc                isr_irq30
                0x100001cc                isr_irq2
                0x100001cc                isr_irq10
                0x100001cc                isr_irq8
                0x100001cc                isr_irq24
                0x100001cc                isr_irq1
                0x100001cc                isr_irq7
                0x100001cc                isr_irq21
                0x100001cc                isr_irq20
                0x100001cc                isr_irq15
                0x100001cc                isr_irq25
                0x100001cc                isr_irq13
                0x100001cc                __unhandled_user_irq
                0x100001cc                isr_irq4
                0x100001cc                isr_irq16
                0x100001cc                isr_irq29
                0x100001cc                isr_irq26
                0x100001cc                __default_isrs_end
                0x100001cc                isr_irq3
                0x100001cc                isr_irq14
                0x100001cc                isr_irq9
                0x100001d2                unhandled_user_irq_num_in_r0
 *(.binary_info_header)
 .binary_info_header
                0x100001d4       0x14 CMakeFiles/semaforo.dir/C_/Users/SMurilo/.pico-sdk/sdk/2.1.1/src/rp2_common/pico_crt0/crt0.S.obj
                0x100001e8                        __binary_info_header_end = .
 *(.embedded_block)
                0x100001e8                        __embedded_block_end = .
 *(.reset)
 .reset         0x100001e8       0x9c CMakeFiles/semaforo.dir/C_/Users/SMurilo/.pico-sdk/sdk/2.1.1/src/rp2_common/pico_crt0/crt0.S.obj
                0x100001e8                _entry_point
 *(.init)
 .init          0x10000284        0x4 C:/Users/SMurilo/.pico-sdk/toolchain/14_2_Rel1/bin/../lib/gcc/arm-none-eabi/14.2.1/thumb/v6-m/nofp/crti.o
                0x10000284                _init
 *(EXCLUDE_FILE(*libm.a: *libc.a:*lib_a-mem*.o *libgcc.a:) .text*)
 .text.register_tm_clones
                0x10000288       0x28 C:/Users/SMurilo/.pico-sdk/toolchain/14_2_Rel1/bin/../lib/gcc/arm-none-eabi/14.2.1/thumb/v6-m/nofp/crtbegin.o
 .text.frame_dummy
                0x100002b0       0x24 C:/Users/SMurilo/.pico-sdk/toolchain/14_2_Rel1/bin/../lib/gcc/arm-none-eabi/14.2.1/thumb/v6-m/nofp/crtbegin.o
 .text.callback_interrupcao
                0x100002d4       0x18 CMakeFiles/semaforo.dir/semaforo.c.obj
                0x100002d4                callback_interrupcao
 .text.tratar_pedestre
                0x100002ec       0xbc CMakeFiles/semaforo.dir/semaforo.c.obj
                0x100002ec                tratar_pedestre
 .text.temporizador_callback
                0x100003a8      0x130 CMakeFiles/semaforo.dir/semaforo.c.obj
                0x100003a8                temporizador_callback
 .text.iniciar_ciclo
                0x100004d8       0x4c CMakeFiles/semaforo.dir/semaforo.c.obj
                0x100004d8                iniciar_ciclo
 .text.startup.main
                0x10000524       0xe4 CMakeFiles/semaforo.dir/semaforo.c.obj
                0x10000524                main
 .text.ssd1306_init
                0x10000608        0x4 CMakeFiles/semaforo.dir/ssd1306.c.obj
                0x10000608                ssd1306_init
 .text.ssd1306_clear
                0x1000060c        0x4 CMakeFiles/semaforo.dir/ssd1306.c.obj
                0x1000060c                ssd1306_clear
 .text.ssd1306_draw_string
                0x10000610        0x4 CMakeFiles/semaforo.dir/ssd1306.c.obj
                0x10000610                ssd1306_draw_string
 .text.ssd1306_show
                0x10000614        0x4 CMakeFiles/semaforo.dir/ssd1306.c.obj
                0x10000614                ssd1306_show
 .text.gpio_default_irq_handler
                0x10000618      0x2c8 CMakeFiles/semaforo.dir/C_/Users/SMurilo/.pico-sdk/sdk/2.1.1/src/rp2_common/hardware_gpio/gpio.c.obj
 .text.gpio_set_function
                0x100008e0       0x34 CMakeFiles/semaforo.dir/C_/Users/SMurilo/.pico-sdk/sdk/2.1.1/src/rp2_common/hardware_gpio/gpio.c.obj
                0x100008e0                gpio_set_function
 .text.gpio_set_pulls
                0x10000914       0x28 CMakeFiles/semaforo.dir/C_/Users/SMurilo/.pico-sdk/sdk/2.1.1/src/rp2_common/hardware_gpio/gpio.c.obj
                0x10000914                gpio_set_pulls
 .text.gpio_set_irq_enabled
                0x1000093c       0x58 CMakeFiles/semaforo.dir/C_/Users/SMurilo/.pico-sdk/sdk/2.1.1/src/rp2_common/hardware_gpio/gpio.c.obj
                0x1000093c                gpio_set_irq_enabled
 .text.gpio_set_irq_enabled_with_callback
                0x10000994       0xd0 CMakeFiles/semaforo.dir/C_/Users/SMurilo/.pico-sdk/sdk/2.1.1/src/rp2_common/hardware_gpio/gpio.c.obj
                0x10000994                gpio_set_irq_enabled_with_callback
 .text.gpio_init
                0x10000a64       0x40 CMakeFiles/semaforo.dir/C_/Users/SMurilo/.pico-sdk/sdk/2.1.1/src/rp2_common/hardware_gpio/gpio.c.obj
                0x10000a64                gpio_init
 .text.rp2040_chip_version
                0x10000aa4        0xc CMakeFiles/semaforo.dir/C_/Users/SMurilo/.pico-sdk/sdk/2.1.1/src/rp2040/pico_platform/platform.c.obj
                0x10000aa4                rp2040_chip_version
 .text.panic    0x10000ab0       0x30 CMakeFiles/semaforo.dir/C_/Users/SMurilo/.pico-sdk/sdk/2.1.1/src/rp2_common/pico_platform_panic/panic.c.obj
                0x10000ab0                panic
 .text.hw_claim_or_assert
                0x10000ae0       0x44 CMakeFiles/semaforo.dir/C_/Users/SMurilo/.pico-sdk/sdk/2.1.1/src/common/hardware_claim/claim.c.obj
                0x10000ae0                hw_claim_or_assert
 .text.hw_claim_unused_from_range
                0x10000b24       0x88 CMakeFiles/semaforo.dir/C_/Users/SMurilo/.pico-sdk/sdk/2.1.1/src/common/hardware_claim/claim.c.obj
                0x10000b24                hw_claim_unused_from_range
 .text.next_striped_spin_lock_num
                0x10000bac       0x18 CMakeFiles/semaforo.dir/C_/Users/SMurilo/.pico-sdk/sdk/2.1.1/src/rp2_common/hardware_sync/sync.c.obj
                0x10000bac                next_striped_spin_lock_num
 .text.spin_lock_claim_unused
                0x10000bc4       0x24 CMakeFiles/semaforo.dir/C_/Users/SMurilo/.pico-sdk/sdk/2.1.1/src/rp2_common/hardware_sync/sync.c.obj
                0x10000bc4                spin_lock_claim_unused
 .text.spin_locks_reset
                0x10000be8       0x1c CMakeFiles/semaforo.dir/C_/Users/SMurilo/.pico-sdk/sdk/2.1.1/src/rp2_common/hardware_sync_spin_lock/sync_spin_lock.c.obj
                0x10000be8                spin_locks_reset
 .text.runtime_init_per_core_irq_priorities
                0x10000c04       0x24 CMakeFiles/semaforo.dir/C_/Users/SMurilo/.pico-sdk/sdk/2.1.1/src/rp2_common/hardware_irq/irq.c.obj
                0x10000c04                runtime_init_per_core_irq_priorities
 .text.irq_set_enabled
                0x10000c28       0x24 CMakeFiles/semaforo.dir/C_/Users/SMurilo/.pico-sdk/sdk/2.1.1/src/rp2_common/hardware_irq/irq.c.obj
                0x10000c28                irq_set_enabled
 .text.irq_is_enabled
                0x10000c4c       0x18 CMakeFiles/semaforo.dir/C_/Users/SMurilo/.pico-sdk/sdk/2.1.1/src/rp2_common/hardware_irq/irq.c.obj
                0x10000c4c                irq_is_enabled
 .text.irq_set_pending
                0x10000c64       0x10 CMakeFiles/semaforo.dir/C_/Users/SMurilo/.pico-sdk/sdk/2.1.1/src/rp2_common/hardware_irq/irq.c.obj
                0x10000c64                irq_set_pending
 .text.irq_has_shared_handler
                0x10000c74       0x24 CMakeFiles/semaforo.dir/C_/Users/SMurilo/.pico-sdk/sdk/2.1.1/src/rp2_common/hardware_irq/irq.c.obj
                0x10000c74                irq_has_shared_handler
 .text.irq_set_exclusive_handler
                0x10000c98       0x54 CMakeFiles/semaforo.dir/C_/Users/SMurilo/.pico-sdk/sdk/2.1.1/src/rp2_common/hardware_irq/irq.c.obj
                0x10000c98                irq_set_exclusive_handler
 .text.irq_add_shared_handler
                0x10000cec      0x1f4 CMakeFiles/semaforo.dir/C_/Users/SMurilo/.pico-sdk/sdk/2.1.1/src/rp2_common/hardware_irq/irq.c.obj
                0x10000cec                irq_add_shared_handler
 .text.irq_remove_handler
                0x10000ee0      0x1d4 CMakeFiles/semaforo.dir/C_/Users/SMurilo/.pico-sdk/sdk/2.1.1/src/rp2_common/hardware_irq/irq.c.obj
                0x10000ee0                irq_remove_handler
 .text.irq_add_tail_to_free_list
                0x100010b4       0xb4 CMakeFiles/semaforo.dir/C_/Users/SMurilo/.pico-sdk/sdk/2.1.1/src/rp2_common/hardware_irq/irq.c.obj
                0x100010b4                irq_add_tail_to_free_list
 .text.user_irq_claim_unused
                0x10001168       0x2c CMakeFiles/semaforo.dir/C_/Users/SMurilo/.pico-sdk/sdk/2.1.1/src/rp2_common/hardware_irq/irq.c.obj
                0x10001168                user_irq_claim_unused
 .text.lock_init
                0x10001194       0x10 CMakeFiles/semaforo.dir/C_/Users/SMurilo/.pico-sdk/sdk/2.1.1/src/common/pico_sync/lock_core.c.obj
                0x10001194                lock_init
 .text.runtime_init_mutex
                0x100011a4       0x50 CMakeFiles/semaforo.dir/C_/Users/SMurilo/.pico-sdk/sdk/2.1.1/src/common/pico_sync/mutex.c.obj
                0x100011a4                runtime_init_mutex
 .text.mutex_init
                0x100011f4       0x1c CMakeFiles/semaforo.dir/C_/Users/SMurilo/.pico-sdk/sdk/2.1.1/src/common/pico_sync/mutex.c.obj
                0x100011f4                mutex_init
 .text.critical_section_init
                0x10001210       0x1c CMakeFiles/semaforo.dir/C_/Users/SMurilo/.pico-sdk/sdk/2.1.1/src/common/pico_sync/critical_section.c.obj
                0x10001210                critical_section_init
 .text.critical_section_init_with_lock_num
                0x1000122c       0x14 CMakeFiles/semaforo.dir/C_/Users/SMurilo/.pico-sdk/sdk/2.1.1/src/common/pico_sync/critical_section.c.obj
                0x1000122c                critical_section_init_with_lock_num
 .text.sleep_until_callback
                0x10001240       0x30 CMakeFiles/semaforo.dir/C_/Users/SMurilo/.pico-sdk/sdk/2.1.1/src/common/pico_time/time.c.obj
 .text.alarm_pool_irq_handler
                0x10001270      0x300 CMakeFiles/semaforo.dir/C_/Users/SMurilo/.pico-sdk/sdk/2.1.1/src/common/pico_time/time.c.obj
 .text.runtime_init_default_alarm_pool
                0x10001570       0xdc CMakeFiles/semaforo.dir/C_/Users/SMurilo/.pico-sdk/sdk/2.1.1/src/common/pico_time/time.c.obj
                0x10001570                runtime_init_default_alarm_pool
 .text.alarm_pool_get_default
                0x1000164c        0x8 CMakeFiles/semaforo.dir/C_/Users/SMurilo/.pico-sdk/sdk/2.1.1/src/common/pico_time/time.c.obj
                0x1000164c                alarm_pool_get_default
 .text.alarm_pool_add_alarm_at
                0x10001654       0xd0 CMakeFiles/semaforo.dir/C_/Users/SMurilo/.pico-sdk/sdk/2.1.1/src/common/pico_time/time.c.obj
                0x10001654                alarm_pool_add_alarm_at
 .text.alarm_pool_add_alarm_at_force_in_context
                0x10001724       0xb0 CMakeFiles/semaforo.dir/C_/Users/SMurilo/.pico-sdk/sdk/2.1.1/src/common/pico_time/time.c.obj
                0x10001724                alarm_pool_add_alarm_at_force_in_context
 .text.alarm_pool_cancel_alarm
                0x100017d4       0x74 CMakeFiles/semaforo.dir/C_/Users/SMurilo/.pico-sdk/sdk/2.1.1/src/common/pico_time/time.c.obj
                0x100017d4                alarm_pool_cancel_alarm
 .text.alarm_pool_core_num
                0x10001848        0x4 CMakeFiles/semaforo.dir/C_/Users/SMurilo/.pico-sdk/sdk/2.1.1/src/common/pico_time/time.c.obj
                0x10001848                alarm_pool_core_num
 .text.sleep_ms
                0x1000184c       0xfc CMakeFiles/semaforo.dir/C_/Users/SMurilo/.pico-sdk/sdk/2.1.1/src/common/pico_time/time.c.obj
                0x1000184c                sleep_ms
 .text.best_effort_wfe_or_timeout
                0x10001948      0x10c CMakeFiles/semaforo.dir/C_/Users/SMurilo/.pico-sdk/sdk/2.1.1/src/common/pico_time/time.c.obj
                0x10001948                best_effort_wfe_or_timeout
 .text.alarm_pool_add_repeating_timer_us
                0x10001a54      0x124 CMakeFiles/semaforo.dir/C_/Users/SMurilo/.pico-sdk/sdk/2.1.1/src/common/pico_time/time.c.obj
                0x10001a54                alarm_pool_add_repeating_timer_us
 .text.timer_hardware_alarm_claim
                0x10001b78       0x14 CMakeFiles/semaforo.dir/C_/Users/SMurilo/.pico-sdk/sdk/2.1.1/src/rp2_common/hardware_timer/timer.c.obj
                0x10001b78                timer_hardware_alarm_claim
 .text.timer_time_us_64
                0x10001b8c       0x10 CMakeFiles/semaforo.dir/C_/Users/SMurilo/.pico-sdk/sdk/2.1.1/src/rp2_common/hardware_timer/timer.c.obj
                0x10001b8c                timer_time_us_64
 .text.time_us_64
                0x10001b9c       0x14 CMakeFiles/semaforo.dir/C_/Users/SMurilo/.pico-sdk/sdk/2.1.1/src/rp2_common/hardware_timer/timer.c.obj
                0x10001b9c                time_us_64
 .text.busy_wait_until
                0x10001bb0       0x20 CMakeFiles/semaforo.dir/C_/Users/SMurilo/.pico-sdk/sdk/2.1.1/src/rp2_common/hardware_timer/timer.c.obj
                0x10001bb0                busy_wait_until
 .text.clock_configure_int_divider
                0x10001bd0       0xf4 CMakeFiles/semaforo.dir/C_/Users/SMurilo/.pico-sdk/sdk/2.1.1/src/rp2_common/hardware_clocks/clocks.c.obj
                0x10001bd0                clock_configure_int_divider
 .text.clock_configure_undivided
                0x10001cc4       0xe8 CMakeFiles/semaforo.dir/C_/Users/SMurilo/.pico-sdk/sdk/2.1.1/src/rp2_common/hardware_clocks/clocks.c.obj
                0x10001cc4                clock_configure_undivided
 .text.clock_get_hz
                0x10001dac        0xc CMakeFiles/semaforo.dir/C_/Users/SMurilo/.pico-sdk/sdk/2.1.1/src/rp2_common/hardware_clocks/clocks.c.obj
                0x10001dac                clock_get_hz
 .text.pll_init
                0x10001db8       0xa4 CMakeFiles/semaforo.dir/C_/Users/SMurilo/.pico-sdk/sdk/2.1.1/src/rp2_common/hardware_pll/pll.c.obj
                0x10001db8                pll_init
 .text.watchdog_reboot
                0x10001e5c       0x9c CMakeFiles/semaforo.dir/C_/Users/SMurilo/.pico-sdk/sdk/2.1.1/src/rp2_common/hardware_watchdog/watchdog.c.obj
                0x10001e5c                watchdog_reboot
 .text.tick_start
                0x10001ef8       0x10 CMakeFiles/semaforo.dir/C_/Users/SMurilo/.pico-sdk/sdk/2.1.1/src/rp2_common/hardware_ticks/ticks.c.obj
                0x10001ef8                tick_start
 .text.rom_func_lookup
                0x10001f08       0x10 CMakeFiles/semaforo.dir/C_/Users/SMurilo/.pico-sdk/sdk/2.1.1/src/rp2_common/pico_bootrom/bootrom.c.obj
                0x10001f08                rom_func_lookup
 .text.rom_data_lookup
                0x10001f18       0x10 CMakeFiles/semaforo.dir/C_/Users/SMurilo/.pico-sdk/sdk/2.1.1/src/rp2_common/pico_bootrom/bootrom.c.obj
                0x10001f18                rom_data_lookup
 .text.rom_funcs_lookup
                0x10001f28       0x44 CMakeFiles/semaforo.dir/C_/Users/SMurilo/.pico-sdk/sdk/2.1.1/src/rp2_common/pico_bootrom/bootrom.c.obj
                0x10001f28                rom_funcs_lookup
 .text.rom_reset_usb_boot_extra
                0x10001f6c       0x24 CMakeFiles/semaforo.dir/C_/Users/SMurilo/.pico-sdk/sdk/2.1.1/src/rp2_common/pico_bootrom/bootrom.c.obj
                0x10001f6c                rom_reset_usb_boot_extra
 .text.xosc_init
                0x10001f90       0x28 CMakeFiles/semaforo.dir/C_/Users/SMurilo/.pico-sdk/sdk/2.1.1/src/rp2_common/hardware_xosc/xosc.c.obj
                0x10001f90                xosc_init
 .text.first_per_core_initializer
                0x10001fb8        0x4 CMakeFiles/semaforo.dir/C_/Users/SMurilo/.pico-sdk/sdk/2.1.1/src/rp2_common/pico_runtime/runtime.c.obj
 .text.hard_assertion_failure
                0x10001fbc        0xc CMakeFiles/semaforo.dir/C_/Users/SMurilo/.pico-sdk/sdk/2.1.1/src/rp2_common/pico_runtime/runtime.c.obj
                0x10001fbc                hard_assertion_failure
 .text.runtime_run_initializers
                0x10001fc8       0x28 CMakeFiles/semaforo.dir/C_/Users/SMurilo/.pico-sdk/sdk/2.1.1/src/rp2_common/pico_runtime/runtime.c.obj
                0x10001fc8                runtime_run_initializers
 .text.runtime_init_early_resets
                0x10001ff0       0x2c CMakeFiles/semaforo.dir/C_/Users/SMurilo/.pico-sdk/sdk/2.1.1/src/rp2_common/pico_runtime_init/runtime_init.c.obj
                0x10001ff0                runtime_init_early_resets
 .text.runtime_init_usb_power_down
                0x1000201c       0x1c CMakeFiles/semaforo.dir/C_/Users/SMurilo/.pico-sdk/sdk/2.1.1/src/rp2_common/pico_runtime_init/runtime_init.c.obj
                0x1000201c                runtime_init_usb_power_down
 .text.runtime_init_post_clock_resets
                0x10002038       0x20 CMakeFiles/semaforo.dir/C_/Users/SMurilo/.pico-sdk/sdk/2.1.1/src/rp2_common/pico_runtime_init/runtime_init.c.obj
                0x10002038                runtime_init_post_clock_resets
 .text.runtime_init_rp2040_gpio_ie_disable
                0x10002058       0x14 CMakeFiles/semaforo.dir/C_/Users/SMurilo/.pico-sdk/sdk/2.1.1/src/rp2_common/pico_runtime_init/runtime_init.c.obj
                0x10002058                runtime_init_rp2040_gpio_ie_disable
 .text.runtime_init_spin_locks_reset
                0x1000206c        0x8 CMakeFiles/semaforo.dir/C_/Users/SMurilo/.pico-sdk/sdk/2.1.1/src/rp2_common/pico_runtime_init/runtime_init.c.obj
                0x1000206c                runtime_init_spin_locks_reset
 .text.runtime_init_install_ram_vector_table
                0x10002074       0x1c CMakeFiles/semaforo.dir/C_/Users/SMurilo/.pico-sdk/sdk/2.1.1/src/rp2_common/pico_runtime_init/runtime_init.c.obj
                0x10002074                runtime_init_install_ram_vector_table
 .text.runtime_init_clocks
                0x10002090       0xd8 CMakeFiles/semaforo.dir/C_/Users/SMurilo/.pico-sdk/sdk/2.1.1/src/rp2_common/pico_runtime_init/runtime_init_clocks.c.obj
                0x10002090                runtime_init_clocks
 .text          0x10002168       0x10 CMakeFiles/semaforo.dir/C_/Users/SMurilo/.pico-sdk/sdk/2.1.1/src/rp2_common/pico_bit_ops/bit_ops_aeabi.S.obj
 .text.__wrap___aeabi_idiv
                0x10002178       0x50 CMakeFiles/semaforo.dir/C_/Users/SMurilo/.pico-sdk/sdk/2.1.1/src/rp2_common/pico_divider/divider_hardware.S.obj
                0x10002178                __wrap___aeabi_idivmod
                0x10002178                divmod_s32s32
                0x10002178                div_s32s32
                0x10002178                __wrap___aeabi_idiv
                0x10002180                divmod_s32s32_unsafe
                0x100021ac                divmod_s32s32_savestate
 .text.__wrap___aeabi_uidiv
                0x100021c8       0x4c CMakeFiles/semaforo.dir/C_/Users/SMurilo/.pico-sdk/sdk/2.1.1/src/rp2_common/pico_divider/divider_hardware.S.obj
                0x100021c8                __wrap___aeabi_uidiv
                0x100021c8                __wrap___aeabi_uidivmod
                0x100021c8                div_u32u32
                0x100021c8                divmod_u32u32
                0x100021d0                divmod_u32u32_unsafe
                0x100021f8                divmod_u32u32_savestate
 .text.__wrap___aeabi_ldiv
                0x10002214      0x424 CMakeFiles/semaforo.dir/C_/Users/SMurilo/.pico-sdk/sdk/2.1.1/src/rp2_common/pico_divider/divider_hardware.S.obj
                0x10002214                div_s64s64
                0x10002214                divmod_s64s64
                0x10002214                __wrap___aeabi_ldivmod
                0x10002244                divmod_u64u64
                0x10002244                div_u64u64
                0x10002244                __wrap___aeabi_uldivmod
                0x10002254                divmod_u64u64_savestate
                0x10002274                divmod_s64s64_unsafe
                0x100022fc                divmod_u64u64_unsafe
 .text.__wrap___aeabi_darithmetic
                0x10002638       0x60 CMakeFiles/semaforo.dir/C_/Users/SMurilo/.pico-sdk/sdk/2.1.1/src/rp2_common/pico_double/double_aeabi_rp2040.S.obj
                0x10002638                __wrap___aeabi_drsub
                0x1000263e                __wrap___aeabi_dsub
                0x10002648                __wrap___aeabi_dadd
                0x10002652                __wrap___aeabi_ddiv
                0x10002686                __wrap___aeabi_dmul
 .text.__wrap___aeabi_cdcmple
                0x10002698       0x6c CMakeFiles/semaforo.dir/C_/Users/SMurilo/.pico-sdk/sdk/2.1.1/src/rp2_common/pico_double/double_aeabi_rp2040.S.obj
                0x10002698                __wrap___aeabi_cdrcmple
                0x100026a8                __wrap___aeabi_cdcmpeq
                0x100026a8                __wrap___aeabi_cdcmple
 .text.__wrap___aeabi_dcmplt
                0x10002704        0xc CMakeFiles/semaforo.dir/C_/Users/SMurilo/.pico-sdk/sdk/2.1.1/src/rp2_common/pico_double/double_aeabi_rp2040.S.obj
                0x10002704                __wrap___aeabi_dcmplt
 .text.__wrap___aeabi_dcmple
                0x10002710       0x10 CMakeFiles/semaforo.dir/C_/Users/SMurilo/.pico-sdk/sdk/2.1.1/src/rp2_common/pico_double/double_aeabi_rp2040.S.obj
                0x10002710                __wrap___aeabi_dcmple
 .text.__wrap___aeabi_dcmpge
                0x10002720       0x10 CMakeFiles/semaforo.dir/C_/Users/SMurilo/.pico-sdk/sdk/2.1.1/src/rp2_common/pico_double/double_aeabi_rp2040.S.obj
                0x10002720                __wrap___aeabi_dcmpge
 .text.__wrap___aeabi_dcmpgt
                0x10002730        0xa CMakeFiles/semaforo.dir/C_/Users/SMurilo/.pico-sdk/sdk/2.1.1/src/rp2_common/pico_double/double_aeabi_rp2040.S.obj
                0x10002730                __wrap___aeabi_dcmpgt
 .text.__wrap___aeabi_dcmpun
                0x1000273a       0x18 CMakeFiles/semaforo.dir/C_/Users/SMurilo/.pico-sdk/sdk/2.1.1/src/rp2_common/pico_double/double_aeabi_rp2040.S.obj
                0x1000273a                __wrap___aeabi_dcmpun
 *fill*         0x10002752        0x2 
 .text.__wrap___aeabi_i2d
                0x10002754       0x38 CMakeFiles/semaforo.dir/C_/Users/SMurilo/.pico-sdk/sdk/2.1.1/src/rp2_common/pico_double/double_aeabi_rp2040.S.obj
                0x10002754                uint2double
                0x10002754                __wrap___aeabi_ui2d
                0x1000275c                int2double
                0x1000275c                __wrap___aeabi_i2d
 .text.__wrap___aeabi_d2iz
                0x1000278c       0x48 CMakeFiles/semaforo.dir/C_/Users/SMurilo/.pico-sdk/sdk/2.1.1/src/rp2_common/pico_double/double_aeabi_rp2040.S.obj
                0x1000278c                double2int_z
                0x1000278c                __wrap___aeabi_d2iz
 .text.__wrap___aeabi_d2uiz
                0x100027d4       0x10 CMakeFiles/semaforo.dir/C_/Users/SMurilo/.pico-sdk/sdk/2.1.1/src/rp2_common/pico_double/double_aeabi_rp2040.S.obj
                0x100027d4                double2uint
                0x100027d4                __wrap___aeabi_d2uiz
                0x100027d4                double2uint_z
 .text.missing_double_func_shim
                0x100027e4        0xc CMakeFiles/semaforo.dir/C_/Users/SMurilo/.pico-sdk/sdk/2.1.1/src/rp2_common/pico_double/double_init_rom_rp2040.c.obj
 .text.__aeabi_double_init
                0x100027f0       0xa0 CMakeFiles/semaforo.dir/C_/Users/SMurilo/.pico-sdk/sdk/2.1.1/src/rp2_common/pico_double/double_init_rom_rp2040.c.obj
                0x100027f0                __aeabi_double_init
 .text.double_table_shim_on_use_helper
                0x10002890       0x2c CMakeFiles/semaforo.dir/C_/Users/SMurilo/.pico-sdk/sdk/2.1.1/src/rp2_common/pico_double/double_v1_rom_shim_rp2040.S.obj
                0x10002890                double_table_shim_on_use_helper
 .text.__aeabi_lmul
                0x100028bc       0x32 CMakeFiles/semaforo.dir/C_/Users/SMurilo/.pico-sdk/sdk/2.1.1/src/rp2_common/pico_int64_ops/pico_int64_ops_aeabi.S.obj
                0x100028bc                __wrap___aeabi_lmul
 *fill*         0x100028ee        0x2 
 .text.missing_float_func_shim
                0x100028f0        0xc CMakeFiles/semaforo.dir/C_/Users/SMurilo/.pico-sdk/sdk/2.1.1/src/rp2_common/pico_float/float_init_rom_rp2040.c.obj
 .text.__aeabi_float_init
                0x100028fc       0x5c CMakeFiles/semaforo.dir/C_/Users/SMurilo/.pico-sdk/sdk/2.1.1/src/rp2_common/pico_float/float_init_rom_rp2040.c.obj
                0x100028fc                __aeabi_float_init
 .text          0x10002958       0x10 CMakeFiles/semaforo.dir/C_/Users/SMurilo/.pico-sdk/sdk/2.1.1/src/rp2_common/pico_mem_ops/mem_ops_aeabi.S.obj
                0x10002958                __aeabi_mem_init
 .text.memset   0x10002968        0xc CMakeFiles/semaforo.dir/C_/Users/SMurilo/.pico-sdk/sdk/2.1.1/src/rp2_common/pico_mem_ops/mem_ops_aeabi.S.obj
                0x10002968                __wrap_memset
 .text.memcpy   0x10002974        0xc CMakeFiles/semaforo.dir/C_/Users/SMurilo/.pico-sdk/sdk/2.1.1/src/rp2_common/pico_mem_ops/mem_ops_aeabi.S.obj
                0x10002974                __wrap_memcpy
                0x10002974                __wrap___aeabi_memcpy
 .text._out_buffer
                0x10002980        0x8 CMakeFiles/semaforo.dir/C_/Users/SMurilo/.pico-sdk/sdk/2.1.1/src/rp2_common/pico_printf/printf.c.obj
 .text._out_null
                0x10002988        0x4 CMakeFiles/semaforo.dir/C_/Users/SMurilo/.pico-sdk/sdk/2.1.1/src/rp2_common/pico_printf/printf.c.obj
 .text._out_rev
                0x1000298c       0xac CMakeFiles/semaforo.dir/C_/Users/SMurilo/.pico-sdk/sdk/2.1.1/src/rp2_common/pico_printf/printf.c.obj
 .text._ntoa_format
                0x10002a38      0x1cc CMakeFiles/semaforo.dir/C_/Users/SMurilo/.pico-sdk/sdk/2.1.1/src/rp2_common/pico_printf/printf.c.obj
 .text._out_char
                0x10002c04       0x10 CMakeFiles/semaforo.dir/C_/Users/SMurilo/.pico-sdk/sdk/2.1.1/src/rp2_common/pico_printf/printf.c.obj
 .text._ftoa    0x10002c14      0x4a8 CMakeFiles/semaforo.dir/C_/Users/SMurilo/.pico-sdk/sdk/2.1.1/src/rp2_common/pico_printf/printf.c.obj
 .text._etoa    0x100030bc      0x57c CMakeFiles/semaforo.dir/C_/Users/SMurilo/.pico-sdk/sdk/2.1.1/src/rp2_common/pico_printf/printf.c.obj
 .text._vsnprintf
                0x10003638      0xbe0 CMakeFiles/semaforo.dir/C_/Users/SMurilo/.pico-sdk/sdk/2.1.1/src/rp2_common/pico_printf/printf.c.obj
 .text.__wrap_sprintf
                0x10004218       0x2c CMakeFiles/semaforo.dir/C_/Users/SMurilo/.pico-sdk/sdk/2.1.1/src/rp2_common/pico_printf/printf.c.obj
                0x10004218                __wrap_sprintf
 .text.weak_raw_vprintf
                0x10004244       0x30 CMakeFiles/semaforo.dir/C_/Users/SMurilo/.pico-sdk/sdk/2.1.1/src/rp2_common/pico_printf/printf.c.obj
                0x10004244                weak_raw_vprintf
 .text._exit    0x10004274        0x4 CMakeFiles/semaforo.dir/C_/Users/SMurilo/.pico-sdk/sdk/2.1.1/src/rp2_common/pico_clib_interface/newlib_interface.c.obj
                0x10004274                _exit
 .text.exit     0x10004278        0x8 CMakeFiles/semaforo.dir/C_/Users/SMurilo/.pico-sdk/sdk/2.1.1/src/rp2_common/pico_clib_interface/newlib_interface.c.obj
                0x10004278                exit
 .text.runtime_init
                0x10004280       0x2c CMakeFiles/semaforo.dir/C_/Users/SMurilo/.pico-sdk/sdk/2.1.1/src/rp2_common/pico_clib_interface/newlib_interface.c.obj
                0x10004280                runtime_init
 .text.stdio_out_chars_no_crlf
                0x100042ac       0x10 CMakeFiles/semaforo.dir/C_/Users/SMurilo/.pico-sdk/sdk/2.1.1/src/rp2_common/pico_stdio/stdio.c.obj
 .text.stdio_out_chars_crlf
                0x100042bc       0xb0 CMakeFiles/semaforo.dir/C_/Users/SMurilo/.pico-sdk/sdk/2.1.1/src/rp2_common/pico_stdio/stdio.c.obj
 .text.stdio_put_string
                0x1000436c       0xfc CMakeFiles/semaforo.dir/C_/Users/SMurilo/.pico-sdk/sdk/2.1.1/src/rp2_common/pico_stdio/stdio.c.obj
                0x1000436c                stdio_put_string
 .text.stdio_set_driver_enabled
                0x10004468       0x30 CMakeFiles/semaforo.dir/C_/Users/SMurilo/.pico-sdk/sdk/2.1.1/src/rp2_common/pico_stdio/stdio.c.obj
                0x10004468                stdio_set_driver_enabled
 .text.stdio_init_all
                0x10004498        0x8 CMakeFiles/semaforo.dir/C_/Users/SMurilo/.pico-sdk/sdk/2.1.1/src/rp2_common/pico_stdio/stdio.c.obj
                0x10004498                stdio_init_all
 .text.__wrap_putchar
                0x100044a0       0x94 CMakeFiles/semaforo.dir/C_/Users/SMurilo/.pico-sdk/sdk/2.1.1/src/rp2_common/pico_stdio/stdio.c.obj
                0x100044a0                __wrap_putchar
                0x100044a0                stdio_putchar
 .text.__wrap_puts
                0x10004534       0x3c CMakeFiles/semaforo.dir/C_/Users/SMurilo/.pico-sdk/sdk/2.1.1/src/rp2_common/pico_stdio/stdio.c.obj
                0x10004534                stdio_puts
                0x10004534                __wrap_puts
 .text.resetd_init
                0x10004570        0x4 CMakeFiles/semaforo.dir/C_/Users/SMurilo/.pico-sdk/sdk/2.1.1/src/rp2_common/pico_stdio_usb/reset_interface.c.obj
 .text.resetd_reset
                0x10004574        0xc CMakeFiles/semaforo.dir/C_/Users/SMurilo/.pico-sdk/sdk/2.1.1/src/rp2_common/pico_stdio_usb/reset_interface.c.obj
 .text.resetd_open
                0x10004580       0x28 CMakeFiles/semaforo.dir/C_/Users/SMurilo/.pico-sdk/sdk/2.1.1/src/rp2_common/pico_stdio_usb/reset_interface.c.obj
 .text.resetd_xfer_cb
                0x100045a8        0x4 CMakeFiles/semaforo.dir/C_/Users/SMurilo/.pico-sdk/sdk/2.1.1/src/rp2_common/pico_stdio_usb/reset_interface.c.obj
 .text.resetd_control_xfer_cb
                0x100045ac       0x54 CMakeFiles/semaforo.dir/C_/Users/SMurilo/.pico-sdk/sdk/2.1.1/src/rp2_common/pico_stdio_usb/reset_interface.c.obj
 .text.tud_descriptor_bos_cb
                0x10004600        0x8 CMakeFiles/semaforo.dir/C_/Users/SMurilo/.pico-sdk/sdk/2.1.1/src/rp2_common/pico_stdio_usb/reset_interface.c.obj
                0x10004600                tud_descriptor_bos_cb
 .text.tud_vendor_control_xfer_cb
                0x10004608       0x34 CMakeFiles/semaforo.dir/C_/Users/SMurilo/.pico-sdk/sdk/2.1.1/src/rp2_common/pico_stdio_usb/reset_interface.c.obj
                0x10004608                tud_vendor_control_xfer_cb
 .text.usbd_app_driver_get_cb
                0x1000463c        0xc CMakeFiles/semaforo.dir/C_/Users/SMurilo/.pico-sdk/sdk/2.1.1/src/rp2_common/pico_stdio_usb/reset_interface.c.obj
                0x1000463c                usbd_app_driver_get_cb
 .text.tud_cdc_line_coding_cb
                0x10004648       0x2c CMakeFiles/semaforo.dir/C_/Users/SMurilo/.pico-sdk/sdk/2.1.1/src/rp2_common/pico_stdio_usb/reset_interface.c.obj
                0x10004648                tud_cdc_line_coding_cb
 .text.stdio_usb_set_chars_available_callback
                0x10004674       0x14 CMakeFiles/semaforo.dir/C_/Users/SMurilo/.pico-sdk/sdk/2.1.1/src/rp2_common/pico_stdio_usb/stdio_usb.c.obj
                0x10004674                stdio_usb_set_chars_available_callback
 .text.usb_irq  0x10004688       0x10 CMakeFiles/semaforo.dir/C_/Users/SMurilo/.pico-sdk/sdk/2.1.1/src/rp2_common/pico_stdio_usb/stdio_usb.c.obj
 .text.timer_task
                0x10004698       0x64 CMakeFiles/semaforo.dir/C_/Users/SMurilo/.pico-sdk/sdk/2.1.1/src/rp2_common/pico_stdio_usb/stdio_usb.c.obj
 .text.stdio_usb_in_chars
                0x100046fc       0x8c CMakeFiles/semaforo.dir/C_/Users/SMurilo/.pico-sdk/sdk/2.1.1/src/rp2_common/pico_stdio_usb/stdio_usb.c.obj
                0x100046fc                stdio_usb_in_chars
 .text.stdio_usb_out_flush
                0x10004788       0x4c CMakeFiles/semaforo.dir/C_/Users/SMurilo/.pico-sdk/sdk/2.1.1/src/rp2_common/pico_stdio_usb/stdio_usb.c.obj
 .text.stdio_usb_out_chars
                0x100047d4      0x100 CMakeFiles/semaforo.dir/C_/Users/SMurilo/.pico-sdk/sdk/2.1.1/src/rp2_common/pico_stdio_usb/stdio_usb.c.obj
 .text.low_priority_worker_irq
                0x100048d4       0xc8 CMakeFiles/semaforo.dir/C_/Users/SMurilo/.pico-sdk/sdk/2.1.1/src/rp2_common/pico_stdio_usb/stdio_usb.c.obj
 .text.stdio_usb_init
                0x1000499c       0xe8 CMakeFiles/semaforo.dir/C_/Users/SMurilo/.pico-sdk/sdk/2.1.1/src/rp2_common/pico_stdio_usb/stdio_usb.c.obj
                0x1000499c                stdio_usb_init
 .text.tud_descriptor_device_cb
                0x10004a84        0x8 CMakeFiles/semaforo.dir/C_/Users/SMurilo/.pico-sdk/sdk/2.1.1/src/rp2_common/pico_stdio_usb/stdio_usb_descriptors.c.obj
                0x10004a84                tud_descriptor_device_cb
 .text.tud_descriptor_configuration_cb
                0x10004a8c        0x8 CMakeFiles/semaforo.dir/C_/Users/SMurilo/.pico-sdk/sdk/2.1.1/src/rp2_common/pico_stdio_usb/stdio_usb_descriptors.c.obj
                0x10004a8c                tud_descriptor_configuration_cb
 .text.tud_descriptor_string_cb
                0x10004a94       0x78 CMakeFiles/semaforo.dir/C_/Users/SMurilo/.pico-sdk/sdk/2.1.1/src/rp2_common/pico_stdio_usb/stdio_usb_descriptors.c.obj
                0x10004a94                tud_descriptor_string_cb
 .text.startup._retrieve_unique_id_on_boot
                0x10004b0c       0x10 CMakeFiles/semaforo.dir/C_/Users/SMurilo/.pico-sdk/sdk/2.1.1/src/rp2_common/pico_unique_id/unique_id.c.obj
 .text.pico_get_unique_board_id_string
                0x10004b1c      0x1a8 CMakeFiles/semaforo.dir/C_/Users/SMurilo/.pico-sdk/sdk/2.1.1/src/rp2_common/pico_unique_id/unique_id.c.obj
                0x10004b1c                pico_get_unique_board_id_string
 .text.flash_get_unique_id
                0x10004cc4       0x3c CMakeFiles/semaforo.dir/C_/Users/SMurilo/.pico-sdk/sdk/2.1.1/src/rp2_common/hardware_flash/flash.c.obj
                0x10004cc4                flash_get_unique_id
 .text.dcd_init
                0x10004d00       0x90 CMakeFiles/semaforo.dir/C_/Users/SMurilo/.pico-sdk/sdk/2.1.1/lib/tinyusb/src/portable/raspberrypi/rp2040/dcd_rp2040.c.obj
                0x10004d00                dcd_init
 .text.dcd_int_enable
                0x10004d90        0xc CMakeFiles/semaforo.dir/C_/Users/SMurilo/.pico-sdk/sdk/2.1.1/lib/tinyusb/src/portable/raspberrypi/rp2040/dcd_rp2040.c.obj
                0x10004d90                dcd_int_enable
 .text.dcd_set_address
                0x10004d9c       0x14 CMakeFiles/semaforo.dir/C_/Users/SMurilo/.pico-sdk/sdk/2.1.1/lib/tinyusb/src/portable/raspberrypi/rp2040/dcd_rp2040.c.obj
                0x10004d9c                dcd_set_address
 .text.dcd_sof_enable
                0x10004db0       0x1c CMakeFiles/semaforo.dir/C_/Users/SMurilo/.pico-sdk/sdk/2.1.1/lib/tinyusb/src/portable/raspberrypi/rp2040/dcd_rp2040.c.obj
                0x10004db0                dcd_sof_enable
 .text.dcd_edpt0_status_complete
                0x10004dcc       0x1c CMakeFiles/semaforo.dir/C_/Users/SMurilo/.pico-sdk/sdk/2.1.1/lib/tinyusb/src/portable/raspberrypi/rp2040/dcd_rp2040.c.obj
                0x10004dcc                dcd_edpt0_status_complete
 .text.dcd_edpt_open
                0x10004de8      0x114 CMakeFiles/semaforo.dir/C_/Users/SMurilo/.pico-sdk/sdk/2.1.1/lib/tinyusb/src/portable/raspberrypi/rp2040/dcd_rp2040.c.obj
                0x10004de8                dcd_edpt_open
 .text.dcd_edpt_close_all
                0x10004efc        0x8 CMakeFiles/semaforo.dir/C_/Users/SMurilo/.pico-sdk/sdk/2.1.1/lib/tinyusb/src/portable/raspberrypi/rp2040/dcd_rp2040.c.obj
                0x10004efc                dcd_edpt_close_all
 .text.dcd_edpt_xfer
                0x10004f04       0x24 CMakeFiles/semaforo.dir/C_/Users/SMurilo/.pico-sdk/sdk/2.1.1/lib/tinyusb/src/portable/raspberrypi/rp2040/dcd_rp2040.c.obj
                0x10004f04                dcd_edpt_xfer
 .text.dcd_edpt_stall
                0x10004f28       0x3c CMakeFiles/semaforo.dir/C_/Users/SMurilo/.pico-sdk/sdk/2.1.1/lib/tinyusb/src/portable/raspberrypi/rp2040/dcd_rp2040.c.obj
                0x10004f28                dcd_edpt_stall
 .text.dcd_edpt_clear_stall
                0x10004f64       0x30 CMakeFiles/semaforo.dir/C_/Users/SMurilo/.pico-sdk/sdk/2.1.1/lib/tinyusb/src/portable/raspberrypi/rp2040/dcd_rp2040.c.obj
                0x10004f64                dcd_edpt_clear_stall
 .text.rp2040_usb_init
                0x10004f94       0x40 CMakeFiles/semaforo.dir/C_/Users/SMurilo/.pico-sdk/sdk/2.1.1/lib/tinyusb/src/portable/raspberrypi/rp2040/rp2040_usb.c.obj
                0x10004f94                rp2040_usb_init
 .text.hw_endpoint_xfer_start
                0x10004fd4       0x40 CMakeFiles/semaforo.dir/C_/Users/SMurilo/.pico-sdk/sdk/2.1.1/lib/tinyusb/src/portable/raspberrypi/rp2040/rp2040_usb.c.obj
                0x10004fd4                hw_endpoint_xfer_start
 .text.tud_event_hook_cb
                0x10005014        0x4 CMakeFiles/semaforo.dir/C_/Users/SMurilo/.pico-sdk/sdk/2.1.1/lib/tinyusb/src/device/usbd.c.obj
                0x10005014                tud_event_hook_cb
 .text.tud_sof_cb
                0x10005018        0x4 CMakeFiles/semaforo.dir/C_/Users/SMurilo/.pico-sdk/sdk/2.1.1/lib/tinyusb/src/device/usbd.c.obj
                0x10005018                tud_sof_cb
 .text.tud_descriptor_device_qualifier_cb
                0x1000501c        0x4 CMakeFiles/semaforo.dir/C_/Users/SMurilo/.pico-sdk/sdk/2.1.1/lib/tinyusb/src/device/usbd.c.obj
                0x1000501c                tud_descriptor_device_qualifier_cb
 .text.tud_descriptor_other_speed_configuration_cb
                0x10005020        0x4 CMakeFiles/semaforo.dir/C_/Users/SMurilo/.pico-sdk/sdk/2.1.1/lib/tinyusb/src/device/usbd.c.obj
                0x10005020                tud_descriptor_other_speed_configuration_cb
 .text.tud_mount_cb
                0x10005024        0x4 CMakeFiles/semaforo.dir/C_/Users/SMurilo/.pico-sdk/sdk/2.1.1/lib/tinyusb/src/device/usbd.c.obj
                0x10005024                tud_mount_cb
 .text.tud_umount_cb
                0x10005028        0x4 CMakeFiles/semaforo.dir/C_/Users/SMurilo/.pico-sdk/sdk/2.1.1/lib/tinyusb/src/device/usbd.c.obj
                0x10005028                tud_umount_cb
 .text.tud_suspend_cb
                0x1000502c        0x4 CMakeFiles/semaforo.dir/C_/Users/SMurilo/.pico-sdk/sdk/2.1.1/lib/tinyusb/src/device/usbd.c.obj
                0x1000502c                tud_suspend_cb
 .text.tud_resume_cb
                0x10005030        0x4 CMakeFiles/semaforo.dir/C_/Users/SMurilo/.pico-sdk/sdk/2.1.1/lib/tinyusb/src/device/usbd.c.obj
                0x10005030                tud_resume_cb
 .text.tud_mounted
                0x10005034       0x10 CMakeFiles/semaforo.dir/C_/Users/SMurilo/.pico-sdk/sdk/2.1.1/lib/tinyusb/src/device/usbd.c.obj
                0x10005034                tud_mounted
 .text.tud_suspended
                0x10005044       0x10 CMakeFiles/semaforo.dir/C_/Users/SMurilo/.pico-sdk/sdk/2.1.1/lib/tinyusb/src/device/usbd.c.obj
                0x10005044                tud_suspended
 .text.tud_rhport_init
                0x10005054       0xf4 CMakeFiles/semaforo.dir/C_/Users/SMurilo/.pico-sdk/sdk/2.1.1/lib/tinyusb/src/device/usbd.c.obj
                0x10005054                tud_rhport_init
 .text.tud_task_ext
                0x10005148      0x800 CMakeFiles/semaforo.dir/C_/Users/SMurilo/.pico-sdk/sdk/2.1.1/lib/tinyusb/src/device/usbd.c.obj
                0x10005148                tud_task_ext
 .text.usbd_open_edpt_pair
                0x10005948       0x9c CMakeFiles/semaforo.dir/C_/Users/SMurilo/.pico-sdk/sdk/2.1.1/lib/tinyusb/src/device/usbd.c.obj
                0x10005948                usbd_open_edpt_pair
 .text.usbd_edpt_open
                0x100059e4       0x34 CMakeFiles/semaforo.dir/C_/Users/SMurilo/.pico-sdk/sdk/2.1.1/lib/tinyusb/src/device/usbd.c.obj
                0x100059e4                usbd_edpt_open
 .text.usbd_edpt_claim
                0x10005a18       0x28 CMakeFiles/semaforo.dir/C_/Users/SMurilo/.pico-sdk/sdk/2.1.1/lib/tinyusb/src/device/usbd.c.obj
                0x10005a18                usbd_edpt_claim
 .text.usbd_edpt_release
                0x10005a40       0x28 CMakeFiles/semaforo.dir/C_/Users/SMurilo/.pico-sdk/sdk/2.1.1/lib/tinyusb/src/device/usbd.c.obj
                0x10005a40                usbd_edpt_release
 .text.usbd_edpt_xfer
                0x10005a68       0x4c CMakeFiles/semaforo.dir/C_/Users/SMurilo/.pico-sdk/sdk/2.1.1/lib/tinyusb/src/device/usbd.c.obj
                0x10005a68                usbd_edpt_xfer
 .text.tud_control_status
                0x10005ab4       0x2c CMakeFiles/semaforo.dir/C_/Users/SMurilo/.pico-sdk/sdk/2.1.1/lib/tinyusb/src/device/usbd_control.c.obj
                0x10005ab4                tud_control_status
 .text.tud_control_xfer
                0x10005ae0       0xa8 CMakeFiles/semaforo.dir/C_/Users/SMurilo/.pico-sdk/sdk/2.1.1/lib/tinyusb/src/device/usbd_control.c.obj
                0x10005ae0                tud_control_xfer
 .text.usbd_control_reset
                0x10005b88       0x14 CMakeFiles/semaforo.dir/C_/Users/SMurilo/.pico-sdk/sdk/2.1.1/lib/tinyusb/src/device/usbd_control.c.obj
                0x10005b88                usbd_control_reset
 .text.usbd_control_set_complete_callback
                0x10005b9c        0xc CMakeFiles/semaforo.dir/C_/Users/SMurilo/.pico-sdk/sdk/2.1.1/lib/tinyusb/src/device/usbd_control.c.obj
                0x10005b9c                usbd_control_set_complete_callback
 .text.usbd_control_set_request
                0x10005ba8       0x1c CMakeFiles/semaforo.dir/C_/Users/SMurilo/.pico-sdk/sdk/2.1.1/lib/tinyusb/src/device/usbd_control.c.obj
                0x10005ba8                usbd_control_set_request
 .text.usbd_control_xfer_cb
                0x10005bc4       0xec CMakeFiles/semaforo.dir/C_/Users/SMurilo/.pico-sdk/sdk/2.1.1/lib/tinyusb/src/device/usbd_control.c.obj
                0x10005bc4                usbd_control_xfer_cb
 .text._prep_out_transaction.isra.0
                0x10005cb0       0x6c CMakeFiles/semaforo.dir/C_/Users/SMurilo/.pico-sdk/sdk/2.1.1/lib/tinyusb/src/class/cdc/cdc_device.c.obj
 .text.tud_cdc_n_connected
                0x10005d1c       0x2c CMakeFiles/semaforo.dir/C_/Users/SMurilo/.pico-sdk/sdk/2.1.1/lib/tinyusb/src/class/cdc/cdc_device.c.obj
                0x10005d1c                tud_cdc_n_connected
 .text.tud_cdc_n_available
                0x10005d48       0x14 CMakeFiles/semaforo.dir/C_/Users/SMurilo/.pico-sdk/sdk/2.1.1/lib/tinyusb/src/class/cdc/cdc_device.c.obj
                0x10005d48                tud_cdc_n_available
 .text.tud_cdc_n_read
                0x10005d5c       0x88 CMakeFiles/semaforo.dir/C_/Users/SMurilo/.pico-sdk/sdk/2.1.1/lib/tinyusb/src/class/cdc/cdc_device.c.obj
                0x10005d5c                tud_cdc_n_read
 .text.tud_cdc_n_write_flush
                0x10005de4       0x74 CMakeFiles/semaforo.dir/C_/Users/SMurilo/.pico-sdk/sdk/2.1.1/lib/tinyusb/src/class/cdc/cdc_device.c.obj
                0x10005de4                tud_cdc_n_write_flush
 .text.tud_cdc_n_write
                0x10005e58       0x40 CMakeFiles/semaforo.dir/C_/Users/SMurilo/.pico-sdk/sdk/2.1.1/lib/tinyusb/src/class/cdc/cdc_device.c.obj
                0x10005e58                tud_cdc_n_write
 .text.tud_cdc_n_write_available
                0x10005e98       0x14 CMakeFiles/semaforo.dir/C_/Users/SMurilo/.pico-sdk/sdk/2.1.1/lib/tinyusb/src/class/cdc/cdc_device.c.obj
                0x10005e98                tud_cdc_n_write_available
 .text.cdcd_init
                0x10005eac       0x70 CMakeFiles/semaforo.dir/C_/Users/SMurilo/.pico-sdk/sdk/2.1.1/lib/tinyusb/src/class/cdc/cdc_device.c.obj
                0x10005eac                cdcd_init
 .text.cdcd_deinit
                0x10005f1c       0x30 CMakeFiles/semaforo.dir/C_/Users/SMurilo/.pico-sdk/sdk/2.1.1/lib/tinyusb/src/class/cdc/cdc_device.c.obj
                0x10005f1c                cdcd_deinit
 .text.cdcd_reset
                0x10005f4c       0x4c CMakeFiles/semaforo.dir/C_/Users/SMurilo/.pico-sdk/sdk/2.1.1/lib/tinyusb/src/class/cdc/cdc_device.c.obj
                0x10005f4c                cdcd_reset
 .text.cdcd_open
                0x10005f98       0xa4 CMakeFiles/semaforo.dir/C_/Users/SMurilo/.pico-sdk/sdk/2.1.1/lib/tinyusb/src/class/cdc/cdc_device.c.obj
                0x10005f98                cdcd_open
 .text.cdcd_control_xfer_cb
                0x1000603c       0xe8 CMakeFiles/semaforo.dir/C_/Users/SMurilo/.pico-sdk/sdk/2.1.1/lib/tinyusb/src/class/cdc/cdc_device.c.obj
                0x1000603c                cdcd_control_xfer_cb
 .text.cdcd_xfer_cb
                0x10006124      0x100 CMakeFiles/semaforo.dir/C_/Users/SMurilo/.pico-sdk/sdk/2.1.1/lib/tinyusb/src/class/cdc/cdc_device.c.obj
                0x10006124                cdcd_xfer_cb
 .text.vendord_init
                0x10006224       0x5c CMakeFiles/semaforo.dir/C_/Users/SMurilo/.pico-sdk/sdk/2.1.1/lib/tinyusb/src/class/vendor/vendor_device.c.obj
                0x10006224                vendord_init
 .text.vendord_deinit
                0x10006280       0x1c CMakeFiles/semaforo.dir/C_/Users/SMurilo/.pico-sdk/sdk/2.1.1/lib/tinyusb/src/class/vendor/vendor_device.c.obj
                0x10006280                vendord_deinit
 .text.vendord_reset
                0x1000629c       0x28 CMakeFiles/semaforo.dir/C_/Users/SMurilo/.pico-sdk/sdk/2.1.1/lib/tinyusb/src/class/vendor/vendor_device.c.obj
                0x1000629c                vendord_reset
 .text.vendord_open
                0x100062c4      0x120 CMakeFiles/semaforo.dir/C_/Users/SMurilo/.pico-sdk/sdk/2.1.1/lib/tinyusb/src/class/vendor/vendor_device.c.obj
                0x100062c4                vendord_open
 .text.vendord_xfer_cb
                0x100063e4       0x9c CMakeFiles/semaforo.dir/C_/Users/SMurilo/.pico-sdk/sdk/2.1.1/lib/tinyusb/src/class/vendor/vendor_device.c.obj
                0x100063e4                vendord_xfer_cb
 .text.tusb_rhport_init
                0x10006480       0x4c CMakeFiles/semaforo.dir/C_/Users/SMurilo/.pico-sdk/sdk/2.1.1/lib/tinyusb/src/tusb.c.obj
                0x10006480                tusb_rhport_init
 .text.tu_edpt_claim
                0x100064cc       0x50 CMakeFiles/semaforo.dir/C_/Users/SMurilo/.pico-sdk/sdk/2.1.1/lib/tinyusb/src/tusb.c.obj
                0x100064cc                tu_edpt_claim
 .text.tu_edpt_release
                0x1000651c       0x38 CMakeFiles/semaforo.dir/C_/Users/SMurilo/.pico-sdk/sdk/2.1.1/lib/tinyusb/src/tusb.c.obj
                0x1000651c                tu_edpt_release
 .text.tu_edpt_validate
                0x10006554       0x7c CMakeFiles/semaforo.dir/C_/Users/SMurilo/.pico-sdk/sdk/2.1.1/lib/tinyusb/src/tusb.c.obj
                0x10006554                tu_edpt_validate
 .text.tu_edpt_bind_driver
                0x100065d0       0x34 CMakeFiles/semaforo.dir/C_/Users/SMurilo/.pico-sdk/sdk/2.1.1/lib/tinyusb/src/tusb.c.obj
                0x100065d0                tu_edpt_bind_driver
 .text.tu_edpt_stream_init
                0x10006604       0x6c CMakeFiles/semaforo.dir/C_/Users/SMurilo/.pico-sdk/sdk/2.1.1/lib/tinyusb/src/tusb.c.obj
                0x10006604                tu_edpt_stream_init
 .text.tu_edpt_stream_deinit
                0x10006670        0x4 CMakeFiles/semaforo.dir/C_/Users/SMurilo/.pico-sdk/sdk/2.1.1/lib/tinyusb/src/tusb.c.obj
                0x10006670                tu_edpt_stream_deinit
 .text.tu_edpt_stream_write_zlp_if_needed
                0x10006674       0x68 CMakeFiles/semaforo.dir/C_/Users/SMurilo/.pico-sdk/sdk/2.1.1/lib/tinyusb/src/tusb.c.obj
                0x10006674                tu_edpt_stream_write_zlp_if_needed
 .text.tu_edpt_stream_write_xfer
                0x100066dc       0x68 CMakeFiles/semaforo.dir/C_/Users/SMurilo/.pico-sdk/sdk/2.1.1/lib/tinyusb/src/tusb.c.obj
                0x100066dc                tu_edpt_stream_write_xfer
 .text.tu_edpt_stream_read_xfer
                0x10006744       0xd8 CMakeFiles/semaforo.dir/C_/Users/SMurilo/.pico-sdk/sdk/2.1.1/lib/tinyusb/src/tusb.c.obj
                0x10006744                tu_edpt_stream_read_xfer
 .text.tu_fifo_config
                0x1000681c       0x6c CMakeFiles/semaforo.dir/C_/Users/SMurilo/.pico-sdk/sdk/2.1.1/lib/tinyusb/src/common/tusb_fifo.c.obj
                0x1000681c                tu_fifo_config
 .text.tu_fifo_count
                0x10006888       0x2c CMakeFiles/semaforo.dir/C_/Users/SMurilo/.pico-sdk/sdk/2.1.1/lib/tinyusb/src/common/tusb_fifo.c.obj
                0x10006888                tu_fifo_count
 .text.tu_fifo_empty
                0x100068b4       0x10 CMakeFiles/semaforo.dir/C_/Users/SMurilo/.pico-sdk/sdk/2.1.1/lib/tinyusb/src/common/tusb_fifo.c.obj
                0x100068b4                tu_fifo_empty
 .text.tu_fifo_remaining
                0x100068c4       0x2c CMakeFiles/semaforo.dir/C_/Users/SMurilo/.pico-sdk/sdk/2.1.1/lib/tinyusb/src/common/tusb_fifo.c.obj
                0x100068c4                tu_fifo_remaining
 .text.tu_fifo_read
                0x100068f0       0x9c CMakeFiles/semaforo.dir/C_/Users/SMurilo/.pico-sdk/sdk/2.1.1/lib/tinyusb/src/common/tusb_fifo.c.obj
                0x100068f0                tu_fifo_read
 .text.tu_fifo_read_n
                0x1000698c       0xe8 CMakeFiles/semaforo.dir/C_/Users/SMurilo/.pico-sdk/sdk/2.1.1/lib/tinyusb/src/common/tusb_fifo.c.obj
                0x1000698c                tu_fifo_read_n
 .text.tu_fifo_write
                0x10006a74       0xa4 CMakeFiles/semaforo.dir/C_/Users/SMurilo/.pico-sdk/sdk/2.1.1/lib/tinyusb/src/common/tusb_fifo.c.obj
                0x10006a74                tu_fifo_write
 .text.tu_fifo_write_n
                0x10006b18      0x178 CMakeFiles/semaforo.dir/C_/Users/SMurilo/.pico-sdk/sdk/2.1.1/lib/tinyusb/src/common/tusb_fifo.c.obj
                0x10006b18                tu_fifo_write_n
 .text.tu_fifo_clear
                0x10006c90       0x40 CMakeFiles/semaforo.dir/C_/Users/SMurilo/.pico-sdk/sdk/2.1.1/lib/tinyusb/src/common/tusb_fifo.c.obj
                0x10006c90                tu_fifo_clear
 .text.tu_fifo_set_overwritable
                0x10006cd0       0x48 CMakeFiles/semaforo.dir/C_/Users/SMurilo/.pico-sdk/sdk/2.1.1/lib/tinyusb/src/common/tusb_fifo.c.obj
                0x10006cd0                tu_fifo_set_overwritable
 .text.i2c_set_baudrate
                0x10006d18       0xc0 CMakeFiles/semaforo.dir/C_/Users/SMurilo/.pico-sdk/sdk/2.1.1/src/rp2_common/hardware_i2c/i2c.c.obj
                0x10006d18                i2c_set_baudrate
 .text.i2c_init
                0x10006dd8       0x50 CMakeFiles/semaforo.dir/C_/Users/SMurilo/.pico-sdk/sdk/2.1.1/src/rp2_common/hardware_i2c/i2c.c.obj
                0x10006dd8                i2c_init
 .text.strlen   0x10006e28       0x5c C:/Users/SMurilo/.pico-sdk/toolchain/14_2_Rel1/bin/../lib/gcc/arm-none-eabi/14.2.1/thumb/v6-m/nofp\libg.a(libc_a-strlen-stub.o)
                0x10006e28                strlen
 *(.fini)
 .fini          0x10006e84        0x4 C:/Users/SMurilo/.pico-sdk/toolchain/14_2_Rel1/bin/../lib/gcc/arm-none-eabi/14.2.1/thumb/v6-m/nofp/crti.o
                0x10006e84                _fini
 .fini.__stub   0x10006e88       0xc0 linker stubs
 *crtbegin.o(.ctors)
 *crtbegin?.o(.ctors)
 *(EXCLUDE_FILE(*crtend.o *crtend?.o) .ctors)
 *(SORT_BY_NAME(.ctors.*))
 *(.ctors)
 *crtbegin.o(.dtors)
 *crtbegin?.o(.dtors)
 *(EXCLUDE_FILE(*crtend.o *crtend?.o) .dtors)
 *(SORT_BY_NAME(.dtors.*))
 *(.dtors)
                0x10006f48                        . = ALIGN (0x4)
                0x10006f48                        PROVIDE (__preinit_array_start = .)
 *(SORT_BY_NAME(.preinit_array.*))
 .preinit_array.00100
                0x10006f48        0x4 CMakeFiles/semaforo.dir/C_/Users/SMurilo/.pico-sdk/sdk/2.1.1/src/rp2_common/pico_runtime_init/runtime_init.c.obj
                0x10006f48                __pre_init_runtime_init_early_resets
 .preinit_array.00101
                0x10006f4c        0x4 CMakeFiles/semaforo.dir/C_/Users/SMurilo/.pico-sdk/sdk/2.1.1/src/rp2_common/pico_runtime_init/runtime_init.c.obj
                0x10006f4c                __pre_init_runtime_init_usb_power_down
 .preinit_array.00275
                0x10006f50        0x4 CMakeFiles/semaforo.dir/C_/Users/SMurilo/.pico-sdk/sdk/2.1.1/src/rp2_common/pico_bit_ops/bit_ops_aeabi.S.obj
 .preinit_array.00300
                0x10006f54        0x4 CMakeFiles/semaforo.dir/C_/Users/SMurilo/.pico-sdk/sdk/2.1.1/src/rp2_common/pico_mem_ops/mem_ops_aeabi.S.obj
 .preinit_array.00350
                0x10006f58        0x4 CMakeFiles/semaforo.dir/C_/Users/SMurilo/.pico-sdk/sdk/2.1.1/src/rp2_common/pico_double/double_aeabi_rp2040.S.obj
 .preinit_array.00350
                0x10006f5c        0x4 CMakeFiles/semaforo.dir/C_/Users/SMurilo/.pico-sdk/sdk/2.1.1/src/rp2_common/pico_float/float_aeabi_rp2040.S.obj
 .preinit_array.00500
                0x10006f60        0x4 CMakeFiles/semaforo.dir/C_/Users/SMurilo/.pico-sdk/sdk/2.1.1/src/rp2_common/pico_runtime_init/runtime_init.c.obj
                0x10006f60                __pre_init_runtime_init_clocks
 .preinit_array.00600
                0x10006f64        0x4 CMakeFiles/semaforo.dir/C_/Users/SMurilo/.pico-sdk/sdk/2.1.1/src/rp2_common/pico_runtime_init/runtime_init.c.obj
                0x10006f64                __pre_init_runtime_init_post_clock_resets
 .preinit_array.00700
                0x10006f68        0x4 CMakeFiles/semaforo.dir/C_/Users/SMurilo/.pico-sdk/sdk/2.1.1/src/rp2_common/pico_runtime_init/runtime_init.c.obj
                0x10006f68                __pre_init_runtime_init_rp2040_gpio_ie_disable
 .preinit_array.01000
                0x10006f6c        0x4 CMakeFiles/semaforo.dir/C_/Users/SMurilo/.pico-sdk/sdk/2.1.1/src/rp2_common/pico_runtime_init/runtime_init.c.obj
                0x10006f6c                __pre_init_runtime_init_spin_locks_reset
 .preinit_array.01100
                0x10006f70        0x4 CMakeFiles/semaforo.dir/C_/Users/SMurilo/.pico-sdk/sdk/2.1.1/src/common/pico_sync/mutex.c.obj
                0x10006f70                __pre_init_runtime_init_mutex
 .preinit_array.10080
                0x10006f74        0x4 CMakeFiles/semaforo.dir/C_/Users/SMurilo/.pico-sdk/sdk/2.1.1/src/rp2_common/pico_runtime_init/runtime_init.c.obj
                0x10006f74                __pre_init_runtime_init_install_ram_vector_table
 .preinit_array.11000
                0x10006f78        0x4 CMakeFiles/semaforo.dir/C_/Users/SMurilo/.pico-sdk/sdk/2.1.1/src/common/pico_time/time.c.obj
                0x10006f78                __pre_init_runtime_init_default_alarm_pool
 .preinit_array.YYYYY
                0x10006f7c        0x4 CMakeFiles/semaforo.dir/C_/Users/SMurilo/.pico-sdk/sdk/2.1.1/src/rp2_common/pico_runtime/runtime.c.obj
                0x10006f7c                __pre_init_first_per_core_initializer
 .preinit_array.ZZZZZ.01200
                0x10006f80        0x4 CMakeFiles/semaforo.dir/C_/Users/SMurilo/.pico-sdk/sdk/2.1.1/src/rp2_common/hardware_irq/irq.c.obj
                0x10006f80                __pre_init_runtime_init_per_core_irq_priorities
 *(.preinit_array)
                0x10006f84                        PROVIDE (__preinit_array_end = .)
                0x10006f84                        . = ALIGN (0x4)
                0x10006f84                        PROVIDE (__init_array_start = .)
 *(SORT_BY_NAME(.init_array.*))
 *(.init_array)
 .init_array    0x10006f84        0x4 C:/Users/SMurilo/.pico-sdk/toolchain/14_2_Rel1/bin/../lib/gcc/arm-none-eabi/14.2.1/thumb/v6-m/nofp/crtbegin.o
 .init_array    0x10006f88        0x4 CMakeFiles/semaforo.dir/C_/Users/SMurilo/.pico-sdk/sdk/2.1.1/src/rp2_common/pico_unique_id/unique_id.c.obj
                0x10006f8c                        PROVIDE (__init_array_end = .)
                0x10006f8c                        . = ALIGN (0x4)
                [!provide]                        PROVIDE (__fini_array_start = .)
 *(SORT_BY_NAME(.fini_array.*))
 *(.fini_array)
                [!provide]                        PROVIDE (__fini_array_end = .)
 *(.eh_frame*)
 .eh_frame      0x10006f8c        0x0 C:/Users/SMurilo/.pico-sdk/toolchain/14_2_Rel1/bin/../lib/gcc/arm-none-eabi/14.2.1/thumb/v6-m/nofp/crtbegin.o
                0x10006f8c                        . = ALIGN (0x4)

.glue_7         0x10006f8c        0x0
 .glue_7        0x10006f8c        0x0 linker stubs

.glue_7t        0x10006f8c        0x0
 .glue_7t       0x10006f8c        0x0 linker stubs

.vfp11_veneer   0x10006f8c        0x0
 .vfp11_veneer  0x10006f8c        0x0 linker stubs

.v4_bx          0x10006f8c        0x0
 .v4_bx         0x10006f8c        0x0 linker stubs

.iplt           0x10006f8c        0x0
 .iplt          0x10006f8c        0x0 C:/Users/SMurilo/.pico-sdk/toolchain/14_2_Rel1/bin/../lib/gcc/arm-none-eabi/14.2.1/thumb/v6-m/nofp/crtbegin.o

.rodata         0x10006f90      0x6dc
 *(EXCLUDE_FILE(*libm.a: *libc.a:*lib_a-mem*.o *libgcc.a:) .rodata*)
 .rodata.tratar_pedestre.str1.4
                0x10006f90      0x22c CMakeFiles/semaforo.dir/semaforo.c.obj
                                 0x4d (size before relaxing)
 .rodata.temporizador_callback.str1.4
                0x100071bc       0x50 CMakeFiles/semaforo.dir/semaforo.c.obj
 .rodata.panic.str1.4
                0x100071bc       0x12 CMakeFiles/semaforo.dir/C_/Users/SMurilo/.pico-sdk/sdk/2.1.1/src/rp2_common/pico_platform_panic/panic.c.obj
 .rodata.spin_lock_claim_unused.str1.4
                0x100071bc       0x1b CMakeFiles/semaforo.dir/C_/Users/SMurilo/.pico-sdk/sdk/2.1.1/src/rp2_common/hardware_sync/sync.c.obj
 .rodata.user_irq_claim_unused.str1.4
                0x100071bc       0x1b CMakeFiles/semaforo.dir/C_/Users/SMurilo/.pico-sdk/sdk/2.1.1/src/rp2_common/hardware_irq/irq.c.obj
 .rodata.timer_hardware_alarm_claim.str1.4
                0x100071bc       0x22 CMakeFiles/semaforo.dir/C_/Users/SMurilo/.pico-sdk/sdk/2.1.1/src/rp2_common/hardware_timer/timer.c.obj
 .rodata.hard_assertion_failure.str1.4
                0x100071bc        0xc CMakeFiles/semaforo.dir/C_/Users/SMurilo/.pico-sdk/sdk/2.1.1/src/rp2_common/pico_runtime/runtime.c.obj
 .rodata.missing_double_func_shim.str1.4
                0x100071bc       0x18 CMakeFiles/semaforo.dir/C_/Users/SMurilo/.pico-sdk/sdk/2.1.1/src/rp2_common/pico_double/double_init_rom_rp2040.c.obj
 .rodata.missing_float_func_shim.str1.4
                0x100071bc        0x1 CMakeFiles/semaforo.dir/C_/Users/SMurilo/.pico-sdk/sdk/2.1.1/src/rp2_common/pico_float/float_init_rom_rp2040.c.obj
 .rodata.str1.4
                0x100071bc       0x44 CMakeFiles/semaforo.dir/C_/Users/SMurilo/.pico-sdk/sdk/2.1.1/src/rp2_common/pico_standard_binary_info/standard_binary_info.c.obj
 .rodata.__bi_84
                0x100071bc        0xc CMakeFiles/semaforo.dir/C_/Users/SMurilo/.pico-sdk/sdk/2.1.1/src/rp2_common/pico_standard_binary_info/standard_binary_info.c.obj
 .rodata.__bi_78
                0x100071c8        0xc CMakeFiles/semaforo.dir/C_/Users/SMurilo/.pico-sdk/sdk/2.1.1/src/rp2_common/pico_standard_binary_info/standard_binary_info.c.obj
 .rodata.__bi_60
                0x100071d4        0xc CMakeFiles/semaforo.dir/C_/Users/SMurilo/.pico-sdk/sdk/2.1.1/src/rp2_common/pico_standard_binary_info/standard_binary_info.c.obj
 .rodata.__bi_54
                0x100071e0        0xc CMakeFiles/semaforo.dir/C_/Users/SMurilo/.pico-sdk/sdk/2.1.1/src/rp2_common/pico_standard_binary_info/standard_binary_info.c.obj
 .rodata.__bi_48
                0x100071ec        0xc CMakeFiles/semaforo.dir/C_/Users/SMurilo/.pico-sdk/sdk/2.1.1/src/rp2_common/pico_standard_binary_info/standard_binary_info.c.obj
 .rodata.__bi_42
                0x100071f8        0xc CMakeFiles/semaforo.dir/C_/Users/SMurilo/.pico-sdk/sdk/2.1.1/src/rp2_common/pico_standard_binary_info/standard_binary_info.c.obj
 .rodata.__bi_34
                0x10007204        0xc CMakeFiles/semaforo.dir/C_/Users/SMurilo/.pico-sdk/sdk/2.1.1/src/rp2_common/pico_standard_binary_info/standard_binary_info.c.obj
 .rodata.__bi_26
                0x10007210        0xc CMakeFiles/semaforo.dir/C_/Users/SMurilo/.pico-sdk/sdk/2.1.1/src/rp2_common/pico_standard_binary_info/standard_binary_info.c.obj
 .rodata._ftoa.str1.4
                0x1000721c       0x15 CMakeFiles/semaforo.dir/C_/Users/SMurilo/.pico-sdk/sdk/2.1.1/src/rp2_common/pico_printf/printf.c.obj
 .rodata._vsnprintf
                0x1000721c      0x19c CMakeFiles/semaforo.dir/C_/Users/SMurilo/.pico-sdk/sdk/2.1.1/src/rp2_common/pico_printf/printf.c.obj
 .rodata.pow10.0
                0x100073b8       0x50 CMakeFiles/semaforo.dir/C_/Users/SMurilo/.pico-sdk/sdk/2.1.1/src/rp2_common/pico_printf/printf.c.obj
 .rodata.crlf_str.0
                0x10007408        0x2 CMakeFiles/semaforo.dir/C_/Users/SMurilo/.pico-sdk/sdk/2.1.1/src/rp2_common/pico_stdio/stdio.c.obj
 *fill*         0x1000740a        0x2 
 .rodata._resetd_driver
                0x1000740c       0x20 CMakeFiles/semaforo.dir/C_/Users/SMurilo/.pico-sdk/sdk/2.1.1/src/rp2_common/pico_stdio_usb/reset_interface.c.obj
 .rodata.desc_ms_os_20
                0x1000742c       0xa6 CMakeFiles/semaforo.dir/C_/Users/SMurilo/.pico-sdk/sdk/2.1.1/src/rp2_common/pico_stdio_usb/reset_interface.c.obj
 *fill*         0x100074d2        0x2 
 .rodata.desc_bos
                0x100074d4       0x21 CMakeFiles/semaforo.dir/C_/Users/SMurilo/.pico-sdk/sdk/2.1.1/src/rp2_common/pico_stdio_usb/reset_interface.c.obj
                0x100074d4                desc_bos
 .rodata.str1.4
                0x100074f5       0x13 CMakeFiles/semaforo.dir/C_/Users/SMurilo/.pico-sdk/sdk/2.1.1/src/rp2_common/pico_stdio_usb/stdio_usb.c.obj
 *fill*         0x100074f5        0x3 
 .rodata.__bi_197.0
                0x100074f8        0xc CMakeFiles/semaforo.dir/C_/Users/SMurilo/.pico-sdk/sdk/2.1.1/src/rp2_common/pico_stdio_usb/stdio_usb.c.obj
 .rodata.str1.4
                0x10007504       0x2a CMakeFiles/semaforo.dir/C_/Users/SMurilo/.pico-sdk/sdk/2.1.1/src/rp2_common/pico_stdio_usb/stdio_usb_descriptors.c.obj
 .rodata.usbd_desc_str
                0x10007504       0x18 CMakeFiles/semaforo.dir/C_/Users/SMurilo/.pico-sdk/sdk/2.1.1/src/rp2_common/pico_stdio_usb/stdio_usb_descriptors.c.obj
 .rodata.usbd_desc_cfg
                0x1000751c       0x54 CMakeFiles/semaforo.dir/C_/Users/SMurilo/.pico-sdk/sdk/2.1.1/src/rp2_common/pico_stdio_usb/stdio_usb_descriptors.c.obj
 .rodata.usbd_desc_device
                0x10007570       0x12 CMakeFiles/semaforo.dir/C_/Users/SMurilo/.pico-sdk/sdk/2.1.1/src/rp2_common/pico_stdio_usb/stdio_usb_descriptors.c.obj
 .rodata.str1.4
                0x10007582       0x14 CMakeFiles/semaforo.dir/C_/Users/SMurilo/.pico-sdk/sdk/2.1.1/lib/tinyusb/src/portable/raspberrypi/rp2040/dcd_rp2040.c.obj
 .rodata.str1.4
                0x10007582       0x48 CMakeFiles/semaforo.dir/C_/Users/SMurilo/.pico-sdk/sdk/2.1.1/lib/tinyusb/src/portable/raspberrypi/rp2040/rp2040_usb.c.obj
 *fill*         0x10007582        0x2 
 .rodata.tud_task_ext
                0x10007584       0x8c CMakeFiles/semaforo.dir/C_/Users/SMurilo/.pico-sdk/sdk/2.1.1/lib/tinyusb/src/device/usbd.c.obj
 .rodata        0x10007610       0x1c CMakeFiles/semaforo.dir/C_/Users/SMurilo/.pico-sdk/sdk/2.1.1/lib/tinyusb/src/device/usbd.c.obj
 .rodata._usbd_driver
                0x1000762c       0x40 CMakeFiles/semaforo.dir/C_/Users/SMurilo/.pico-sdk/sdk/2.1.1/lib/tinyusb/src/device/usbd.c.obj
                0x1000766c                        . = ALIGN (0x4)
 *(SORT_BY_ALIGNMENT(SORT_BY_NAME(.flashdata*)))
                0x1000766c                        . = ALIGN (0x4)

.ARM.extab
 *(.ARM.extab* .gnu.linkonce.armextab.*)
                0x1000766c                        __exidx_start = .

.ARM.exidx
 *(.ARM.exidx* .gnu.linkonce.armexidx.*)
                0x1000766c                        __exidx_end = .
                0x1000766c                        . = ALIGN (0x4)
                0x1000766c                        __binary_info_start = .

.binary_info    0x1000766c       0x24
 *(.binary_info.keep.*)
 .binary_info.keep.__bi_ptr84
                0x1000766c        0x4 CMakeFiles/semaforo.dir/C_/Users/SMurilo/.pico-sdk/sdk/2.1.1/src/rp2_common/pico_standard_binary_info/standard_binary_info.c.obj
 .binary_info.keep.__bi_ptr78
                0x10007670        0x4 CMakeFiles/semaforo.dir/C_/Users/SMurilo/.pico-sdk/sdk/2.1.1/src/rp2_common/pico_standard_binary_info/standard_binary_info.c.obj
 .binary_info.keep.__bi_ptr60
                0x10007674        0x4 CMakeFiles/semaforo.dir/C_/Users/SMurilo/.pico-sdk/sdk/2.1.1/src/rp2_common/pico_standard_binary_info/standard_binary_info.c.obj
 .binary_info.keep.__bi_ptr54
                0x10007678        0x4 CMakeFiles/semaforo.dir/C_/Users/SMurilo/.pico-sdk/sdk/2.1.1/src/rp2_common/pico_standard_binary_info/standard_binary_info.c.obj
 .binary_info.keep.__bi_ptr48
                0x1000767c        0x4 CMakeFiles/semaforo.dir/C_/Users/SMurilo/.pico-sdk/sdk/2.1.1/src/rp2_common/pico_standard_binary_info/standard_binary_info.c.obj
 .binary_info.keep.__bi_ptr42
                0x10007680        0x4 CMakeFiles/semaforo.dir/C_/Users/SMurilo/.pico-sdk/sdk/2.1.1/src/rp2_common/pico_standard_binary_info/standard_binary_info.c.obj
 .binary_info.keep.__bi_ptr34
                0x10007684        0x4 CMakeFiles/semaforo.dir/C_/Users/SMurilo/.pico-sdk/sdk/2.1.1/src/rp2_common/pico_standard_binary_info/standard_binary_info.c.obj
 .binary_info.keep.__bi_ptr26
                0x10007688        0x4 CMakeFiles/semaforo.dir/C_/Users/SMurilo/.pico-sdk/sdk/2.1.1/src/rp2_common/pico_standard_binary_info/standard_binary_info.c.obj
 *(.binary_info.*)
 .binary_info.__bi_ptr197
                0x1000768c        0x4 CMakeFiles/semaforo.dir/C_/Users/SMurilo/.pico-sdk/sdk/2.1.1/src/rp2_common/pico_stdio_usb/stdio_usb.c.obj
                0x10007690                        __binary_info_end = .

.rel.dyn        0x10007690        0x0
 .rel.iplt      0x10007690        0x0 C:/Users/SMurilo/.pico-sdk/toolchain/14_2_Rel1/bin/../lib/gcc/arm-none-eabi/14.2.1/thumb/v6-m/nofp/crtbegin.o
                0x10007690                        . = ALIGN (0x4)

.ram_vector_table
                0x20000000       0xc0
 *(.ram_vector_table)
 .ram_vector_table
                0x20000000       0xc0 CMakeFiles/semaforo.dir/C_/Users/SMurilo/.pico-sdk/sdk/2.1.1/src/rp2_common/pico_runtime_init/runtime_init.c.obj
                0x20000000                ram_vector_table

.uninitialized_data
                0x200000c0        0x0
                0x200000c0                        . = ALIGN (0x4)
 *(.uninitialized_data*)

.data           0x200000c0      0xfa8 load address 0x10007690
                0x200000c0                        __data_start__ = .
 *(vtable)
 *(.time_critical*)
 .time_critical.mutex_try_enter
                0x200000c0       0x40 CMakeFiles/semaforo.dir/C_/Users/SMurilo/.pico-sdk/sdk/2.1.1/src/common/pico_sync/mutex.c.obj
                0x200000c0                mutex_try_enter
 .time_critical.mutex_try_enter_block_until
                0x20000100       0x98 CMakeFiles/semaforo.dir/C_/Users/SMurilo/.pico-sdk/sdk/2.1.1/src/common/pico_sync/mutex.c.obj
                0x20000100                mutex_try_enter_block_until
 .time_critical.mutex_enter_timeout_ms
                0x20000198       0x8c CMakeFiles/semaforo.dir/C_/Users/SMurilo/.pico-sdk/sdk/2.1.1/src/common/pico_sync/mutex.c.obj
                0x20000198                mutex_enter_timeout_ms
 .time_critical.mutex_exit
                0x20000224       0x28 CMakeFiles/semaforo.dir/C_/Users/SMurilo/.pico-sdk/sdk/2.1.1/src/common/pico_sync/mutex.c.obj
                0x20000224                mutex_exit
 .time_critical.flash_init_boot2_copyout
                0x2000024c       0x30 CMakeFiles/semaforo.dir/C_/Users/SMurilo/.pico-sdk/sdk/2.1.1/src/rp2_common/hardware_flash/flash.c.obj
 .time_critical.flash_enable_xip_via_boot2
                0x2000027c        0xc CMakeFiles/semaforo.dir/C_/Users/SMurilo/.pico-sdk/sdk/2.1.1/src/rp2_common/hardware_flash/flash.c.obj
 .time_critical.flash_cs_force
                0x20000288       0x38 CMakeFiles/semaforo.dir/C_/Users/SMurilo/.pico-sdk/sdk/2.1.1/src/rp2_common/hardware_flash/flash.c.obj
 .time_critical.flash_do_cmd
                0x200002c0      0x130 CMakeFiles/semaforo.dir/C_/Users/SMurilo/.pico-sdk/sdk/2.1.1/src/rp2_common/hardware_flash/flash.c.obj
                0x200002c0                flash_do_cmd
 .time_critical.reset_non_control_endpoints
                0x200003f0       0x68 CMakeFiles/semaforo.dir/C_/Users/SMurilo/.pico-sdk/sdk/2.1.1/lib/tinyusb/src/portable/raspberrypi/rp2040/dcd_rp2040.c.obj
 .time_critical.hw_handle_buff_status
                0x20000458       0xa0 CMakeFiles/semaforo.dir/C_/Users/SMurilo/.pico-sdk/sdk/2.1.1/lib/tinyusb/src/portable/raspberrypi/rp2040/dcd_rp2040.c.obj
 .time_critical.dcd_rp2040_irq
                0x200004f8      0x548 CMakeFiles/semaforo.dir/C_/Users/SMurilo/.pico-sdk/sdk/2.1.1/lib/tinyusb/src/portable/raspberrypi/rp2040/dcd_rp2040.c.obj
 .time_critical.prepare_ep_buffer
                0x20000a40       0xc8 CMakeFiles/semaforo.dir/C_/Users/SMurilo/.pico-sdk/sdk/2.1.1/lib/tinyusb/src/portable/raspberrypi/rp2040/rp2040_usb.c.obj
 .time_critical.sync_ep_buffer
                0x20000b08       0x9c CMakeFiles/semaforo.dir/C_/Users/SMurilo/.pico-sdk/sdk/2.1.1/lib/tinyusb/src/portable/raspberrypi/rp2040/rp2040_usb.c.obj
 .time_critical._hw_endpoint_xfer_sync
                0x20000ba4       0x28 CMakeFiles/semaforo.dir/C_/Users/SMurilo/.pico-sdk/sdk/2.1.1/lib/tinyusb/src/portable/raspberrypi/rp2040/rp2040_usb.c.obj
 .time_critical.e15_is_bulkin_ep
                0x20000bcc       0x28 CMakeFiles/semaforo.dir/C_/Users/SMurilo/.pico-sdk/sdk/2.1.1/lib/tinyusb/src/portable/raspberrypi/rp2040/rp2040_usb.c.obj
 .time_critical.e15_is_critical_frame_period
                0x20000bf4       0x34 CMakeFiles/semaforo.dir/C_/Users/SMurilo/.pico-sdk/sdk/2.1.1/lib/tinyusb/src/portable/raspberrypi/rp2040/rp2040_usb.c.obj
 .time_critical.hw_endpoint_reset_transfer
                0x20000c28        0xc CMakeFiles/semaforo.dir/C_/Users/SMurilo/.pico-sdk/sdk/2.1.1/lib/tinyusb/src/portable/raspberrypi/rp2040/rp2040_usb.c.obj
                0x20000c28                hw_endpoint_reset_transfer
 .time_critical._hw_endpoint_buffer_control_update32
                0x20000c34       0x50 CMakeFiles/semaforo.dir/C_/Users/SMurilo/.pico-sdk/sdk/2.1.1/lib/tinyusb/src/portable/raspberrypi/rp2040/rp2040_usb.c.obj
                0x20000c34                _hw_endpoint_buffer_control_update32
 .time_critical.hw_endpoint_start_next_buffer
                0x20000c84       0x68 CMakeFiles/semaforo.dir/C_/Users/SMurilo/.pico-sdk/sdk/2.1.1/lib/tinyusb/src/portable/raspberrypi/rp2040/rp2040_usb.c.obj
                0x20000c84                hw_endpoint_start_next_buffer
 .time_critical.hw_endpoint_xfer_continue
                0x20000cec       0x40 CMakeFiles/semaforo.dir/C_/Users/SMurilo/.pico-sdk/sdk/2.1.1/lib/tinyusb/src/portable/raspberrypi/rp2040/rp2040_usb.c.obj
                0x20000cec                hw_endpoint_xfer_continue
 .time_critical.tinyusb
                0x20000d2c      0x1e4 CMakeFiles/semaforo.dir/C_/Users/SMurilo/.pico-sdk/sdk/2.1.1/lib/tinyusb/src/device/usbd.c.obj
                0x20000d2c                dcd_event_handler
 *(.text*)
 .text          0x20000f10        0x4 C:/Users/SMurilo/.pico-sdk/toolchain/14_2_Rel1/bin/../lib/gcc/arm-none-eabi/14.2.1/thumb/v6-m/nofp\libgcc.a(_dvmd_tls.o)
                0x20000f10                __aeabi_idiv0
                0x20000f10                __aeabi_ldiv0
 *fill*         0x20000f14        0x4 
 .text.__stub   0x20000f18       0x80 linker stubs
                0x20000f98                        . = ALIGN (0x4)
 *(.rodata*)
                0x20000f98                        . = ALIGN (0x4)
 *(.data*)
 .data.striped_spin_lock_num
                0x20000f98        0x1 CMakeFiles/semaforo.dir/C_/Users/SMurilo/.pico-sdk/sdk/2.1.1/src/rp2_common/hardware_sync/sync.c.obj
 *fill*         0x20000f99        0x3 
 .data          0x20000f9c       0x48 CMakeFiles/semaforo.dir/C_/Users/SMurilo/.pico-sdk/sdk/2.1.1/src/rp2_common/hardware_irq/irq_handler_chain.S.obj
                0x20000f9c                irq_handler_chain_slots
                0x20000fcc                irq_handler_chain_first_slot
                0x20000fd6                irq_handler_chain_remove_tail
 .data.default_alarm_pool
                0x20000fe4       0x18 CMakeFiles/semaforo.dir/C_/Users/SMurilo/.pico-sdk/sdk/2.1.1/src/common/pico_time/time.c.obj
 *fill*         0x20000ffc        0x4 
 .data.aeabi_bits_funcs
                0x20001000       0x10 CMakeFiles/semaforo.dir/C_/Users/SMurilo/.pico-sdk/sdk/2.1.1/src/rp2_common/pico_bit_ops/bit_ops_aeabi.S.obj
                0x20001000                aeabi_bits_funcs
                0x20001010                aeabi_bits_funcs_end
 .data.aeabi_mem_funcs
                0x20001010       0x10 CMakeFiles/semaforo.dir/C_/Users/SMurilo/.pico-sdk/sdk/2.1.1/src/rp2_common/pico_mem_ops/mem_ops_aeabi.S.obj
                0x20001010                aeabi_mem_funcs
                0x20001020                aeabi_mem_funcs_end
 .data.stdio_usb
                0x20001020       0x18 CMakeFiles/semaforo.dir/C_/Users/SMurilo/.pico-sdk/sdk/2.1.1/src/rp2_common/pico_stdio_usb/stdio_usb.c.obj
                0x20001020                stdio_usb
 .data._usbd_qdef
                0x20001038       0x1c CMakeFiles/semaforo.dir/C_/Users/SMurilo/.pico-sdk/sdk/2.1.1/lib/tinyusb/src/device/usbd.c.obj
                0x20001038                _usbd_qdef
 .data._usbd_rhport
                0x20001054        0x1 CMakeFiles/semaforo.dir/C_/Users/SMurilo/.pico-sdk/sdk/2.1.1/lib/tinyusb/src/device/usbd.c.obj
 *fill*         0x20001055        0x3 
 .data.i2c0_inst
                0x20001058        0x8 CMakeFiles/semaforo.dir/C_/Users/SMurilo/.pico-sdk/sdk/2.1.1/src/rp2_common/hardware_i2c/i2c.c.obj
                0x20001058                i2c0_inst
                0x20001060                        . = ALIGN (0x4)
 *(.after_data.*)
                0x20001060                        . = ALIGN (0x4)
                0x20001060                        PROVIDE (__mutex_array_start = .)
 *(SORT_BY_NAME(.mutex_array.*))
 *(.mutex_array)
 .mutex_array   0x20001060        0x8 CMakeFiles/semaforo.dir/C_/Users/SMurilo/.pico-sdk/sdk/2.1.1/src/rp2_common/pico_stdio/stdio.c.obj
                0x20001068                        PROVIDE (__mutex_array_end = .)
                0x20001068                        . = ALIGN (0x4)
 *(.jcr)
                0x20001068                        . = ALIGN (0x4)

.tm_clone_table
                0x20001068        0x0 load address 0x10008638
 .tm_clone_table
                0x20001068        0x0 C:/Users/SMurilo/.pico-sdk/toolchain/14_2_Rel1/bin/../lib/gcc/arm-none-eabi/14.2.1/thumb/v6-m/nofp/crtbegin.o
 .tm_clone_table
                0x20001068        0x0 C:/Users/SMurilo/.pico-sdk/toolchain/14_2_Rel1/bin/../lib/gcc/arm-none-eabi/14.2.1/thumb/v6-m/nofp/crtend.o

.igot.plt       0x20001068        0x0 load address 0x10008638
 .igot.plt      0x20001068        0x0 C:/Users/SMurilo/.pico-sdk/toolchain/14_2_Rel1/bin/../lib/gcc/arm-none-eabi/14.2.1/thumb/v6-m/nofp/crtbegin.o

.tdata          0x20001068        0x0 load address 0x10008638
                0x20001068                        . = ALIGN (0x4)
 *(.tdata .tdata.* .gnu.linkonce.td.*)
                0x20001068                        __tdata_end = .
                0x20001068                        PROVIDE (__data_end__ = .)
                0x10007690                        __etext = LOADADDR (.data)

.tbss           0x20001068        0x0 load address 0x10008638
                0x20001068                        . = ALIGN (0x4)
                0x20001068                        __bss_start__ = .
                0x20001068                        __tls_base = .
 *(.tbss .tbss.* .gnu.linkonce.tb.*)
 *(.tcommon)
                0x20001068                        __tls_end = .

.bss            0x20001068      0xf2c load address 0x10008638
                0x20001068                        . = ALIGN (0x4)
                0x20001068                        __tbss_end = .
 *(SORT_BY_ALIGNMENT(SORT_BY_NAME(.bss*)))
 .bss.default_alarm_pool_entries
                0x20001068      0x180 CMakeFiles/semaforo.dir/C_/Users/SMurilo/.pico-sdk/sdk/2.1.1/src/common/pico_time/time.c.obj
 .bss.last_avail_time.1
                0x200011e8        0x8 CMakeFiles/semaforo.dir/C_/Users/SMurilo/.pico-sdk/sdk/2.1.1/src/rp2_common/pico_stdio_usb/stdio_usb.c.obj
 .bss.sd_table  0x200011f0      0x100 CMakeFiles/semaforo.dir/C_/Users/SMurilo/.pico-sdk/sdk/2.1.1/src/rp2_common/pico_double/double_init_rom_rp2040.c.obj
                0x200011f0                sd_table
 .bss.timer     0x200012f0       0x18 CMakeFiles/semaforo.dir/semaforo.c.obj
                0x200012f0                timer
 .bss._app_driver
                0x20001308        0x4 CMakeFiles/semaforo.dir/C_/Users/SMurilo/.pico-sdk/sdk/2.1.1/lib/tinyusb/src/device/usbd.c.obj
 .bss._cdcd_epbuf
                0x2000130c       0x80 CMakeFiles/semaforo.dir/C_/Users/SMurilo/.pico-sdk/sdk/2.1.1/lib/tinyusb/src/class/cdc/cdc_device.c.obj
 .bss._cdcd_fifo_cfg
                0x2000138c        0x1 CMakeFiles/semaforo.dir/C_/Users/SMurilo/.pico-sdk/sdk/2.1.1/lib/tinyusb/src/class/cdc/cdc_device.c.obj
 *fill*         0x2000138d        0x3 
 .bss._cdcd_itf
                0x20001390       0xc8 CMakeFiles/semaforo.dir/C_/Users/SMurilo/.pico-sdk/sdk/2.1.1/lib/tinyusb/src/class/cdc/cdc_device.c.obj
 .bss._ctrl_epbuf
                0x20001458       0x40 CMakeFiles/semaforo.dir/C_/Users/SMurilo/.pico-sdk/sdk/2.1.1/lib/tinyusb/src/device/usbd_control.c.obj
 .bss._ctrl_xfer
                0x20001498       0x14 CMakeFiles/semaforo.dir/C_/Users/SMurilo/.pico-sdk/sdk/2.1.1/lib/tinyusb/src/device/usbd_control.c.obj
 .bss._tusb_rhport_role
                0x200014ac        0x2 CMakeFiles/semaforo.dir/C_/Users/SMurilo/.pico-sdk/sdk/2.1.1/lib/tinyusb/src/tusb.c.obj
                0x200014ac                _tusb_rhport_role
 *fill*         0x200014ae        0x2 
 .bss._ubsd_mutexdef
                0x200014b0        0x8 CMakeFiles/semaforo.dir/C_/Users/SMurilo/.pico-sdk/sdk/2.1.1/lib/tinyusb/src/device/usbd.c.obj
 .bss._usbd_dev
                0x200014b8       0x54 CMakeFiles/semaforo.dir/C_/Users/SMurilo/.pico-sdk/sdk/2.1.1/lib/tinyusb/src/device/usbd.c.obj
 .bss._usbd_mutex
                0x2000150c        0x4 CMakeFiles/semaforo.dir/C_/Users/SMurilo/.pico-sdk/sdk/2.1.1/lib/tinyusb/src/device/usbd.c.obj
 .bss._usbd_q   0x20001510        0x4 CMakeFiles/semaforo.dir/C_/Users/SMurilo/.pico-sdk/sdk/2.1.1/lib/tinyusb/src/device/usbd.c.obj
 .bss._usbd_qdef_buf
                0x20001514       0xc0 CMakeFiles/semaforo.dir/C_/Users/SMurilo/.pico-sdk/sdk/2.1.1/lib/tinyusb/src/device/usbd.c.obj
                0x20001514                _usbd_qdef_buf
 .bss._vendord_epbuf
                0x200015d4       0x80 CMakeFiles/semaforo.dir/C_/Users/SMurilo/.pico-sdk/sdk/2.1.1/lib/tinyusb/src/class/vendor/vendor_device.c.obj
 .bss._vendord_itf
                0x20001654      0x24c CMakeFiles/semaforo.dir/C_/Users/SMurilo/.pico-sdk/sdk/2.1.1/lib/tinyusb/src/class/vendor/vendor_device.c.obj
 .bss.boot2_copyout
                0x200018a0      0x100 CMakeFiles/semaforo.dir/C_/Users/SMurilo/.pico-sdk/sdk/2.1.1/src/rp2_common/hardware_flash/flash.c.obj
 .bss.callbacks
                0x200019a0        0x8 CMakeFiles/semaforo.dir/C_/Users/SMurilo/.pico-sdk/sdk/2.1.1/src/rp2_common/hardware_gpio/gpio.c.obj
 .bss.chars_available_callback
                0x200019a8        0x4 CMakeFiles/semaforo.dir/C_/Users/SMurilo/.pico-sdk/sdk/2.1.1/src/rp2_common/pico_stdio_usb/stdio_usb.c.obj
 .bss.chars_available_param
                0x200019ac        0x4 CMakeFiles/semaforo.dir/C_/Users/SMurilo/.pico-sdk/sdk/2.1.1/src/rp2_common/pico_stdio_usb/stdio_usb.c.obj
 .bss.claimed   0x200019b0        0x4 CMakeFiles/semaforo.dir/C_/Users/SMurilo/.pico-sdk/sdk/2.1.1/src/rp2_common/hardware_sync/sync.c.obj
 .bss.claimed   0x200019b4        0x1 CMakeFiles/semaforo.dir/C_/Users/SMurilo/.pico-sdk/sdk/2.1.1/src/rp2_common/hardware_timer/timer.c.obj
 *fill*         0x200019b5        0x3 
 .bss.configured_freq
                0x200019b8       0x28 CMakeFiles/semaforo.dir/C_/Users/SMurilo/.pico-sdk/sdk/2.1.1/src/rp2_common/hardware_clocks/clocks.c.obj
 .bss.contador  0x200019e0        0x4 CMakeFiles/semaforo.dir/semaforo.c.obj
                0x200019e0                contador
 .bss.desc_str.0
                0x200019e4       0x28 CMakeFiles/semaforo.dir/C_/Users/SMurilo/.pico-sdk/sdk/2.1.1/src/rp2_common/pico_stdio_usb/stdio_usb_descriptors.c.obj
 .bss.drivers   0x20001a0c        0x4 CMakeFiles/semaforo.dir/C_/Users/SMurilo/.pico-sdk/sdk/2.1.1/src/rp2_common/pico_stdio/stdio.c.obj
 .bss.e15_last_sof
                0x20001a10        0x4 CMakeFiles/semaforo.dir/C_/Users/SMurilo/.pico-sdk/sdk/2.1.1/lib/tinyusb/src/portable/raspberrypi/rp2040/rp2040_usb.c.obj
                0x20001a10                e15_last_sof
 .bss.estado    0x20001a14        0x4 CMakeFiles/semaforo.dir/semaforo.c.obj
                0x20001a14                estado
 .bss.filter    0x20001a18        0x4 CMakeFiles/semaforo.dir/C_/Users/SMurilo/.pico-sdk/sdk/2.1.1/src/rp2_common/pico_stdio/stdio.c.obj
 .bss.hw_endpoints
                0x20001a1c      0x400 CMakeFiles/semaforo.dir/C_/Users/SMurilo/.pico-sdk/sdk/2.1.1/lib/tinyusb/src/portable/raspberrypi/rp2040/dcd_rp2040.c.obj
 .bss.lazy_vsnprintf
                0x20001e1c        0x4 CMakeFiles/semaforo.dir/C_/Users/SMurilo/.pico-sdk/sdk/2.1.1/src/rp2_common/pico_printf/printf.c.obj
 .bss.load_value
                0x20001e20        0x4 CMakeFiles/semaforo.dir/C_/Users/SMurilo/.pico-sdk/sdk/2.1.1/src/rp2_common/hardware_watchdog/watchdog.c.obj
 .bss.next_buffer_ptr
                0x20001e24        0x4 CMakeFiles/semaforo.dir/C_/Users/SMurilo/.pico-sdk/sdk/2.1.1/lib/tinyusb/src/portable/raspberrypi/rp2040/dcd_rp2040.c.obj
 .bss.object.0  0x20001e28       0x18 C:/Users/SMurilo/.pico-sdk/toolchain/14_2_Rel1/bin/../lib/gcc/arm-none-eabi/14.2.1/thumb/v6-m/nofp/crtbegin.o
 .bss.one_shot_timer_crit_sec
                0x20001e40        0x8 CMakeFiles/semaforo.dir/C_/Users/SMurilo/.pico-sdk/sdk/2.1.1/src/rp2_common/pico_stdio_usb/stdio_usb.c.obj
 .bss.pools     0x20001e48       0x10 CMakeFiles/semaforo.dir/C_/Users/SMurilo/.pico-sdk/sdk/2.1.1/src/common/pico_time/time.c.obj
 .bss.raw_irq_mask
                0x20001e58        0x8 CMakeFiles/semaforo.dir/C_/Users/SMurilo/.pico-sdk/sdk/2.1.1/src/rp2_common/hardware_gpio/gpio.c.obj
 .bss.retrieved_id
                0x20001e60        0x8 CMakeFiles/semaforo.dir/C_/Users/SMurilo/.pico-sdk/sdk/2.1.1/src/rp2_common/pico_unique_id/unique_id.c.obj
 .bss.sf_clz_func
                0x20001e68        0x4 CMakeFiles/semaforo.dir/C_/Users/SMurilo/.pico-sdk/sdk/2.1.1/src/rp2_common/pico_double/double_init_rom_rp2040.c.obj
                0x20001e68                sf_clz_func
 .bss.sf_table  0x20001e6c      0x100 CMakeFiles/semaforo.dir/C_/Users/SMurilo/.pico-sdk/sdk/2.1.1/src/rp2_common/pico_float/float_init_rom_rp2040.c.obj
                0x20001e6c                sf_table
 .bss.sleep_notifier
                0x20001f6c        0x4 CMakeFiles/semaforo.dir/C_/Users/SMurilo/.pico-sdk/sdk/2.1.1/src/common/pico_time/time.c.obj
 .bss.stdio_usb_mutex
                0x20001f70        0x8 CMakeFiles/semaforo.dir/C_/Users/SMurilo/.pico-sdk/sdk/2.1.1/src/rp2_common/pico_stdio_usb/stdio_usb.c.obj
 .bss.usbd_serial_str
                0x20001f78       0x11 CMakeFiles/semaforo.dir/C_/Users/SMurilo/.pico-sdk/sdk/2.1.1/src/rp2_common/pico_stdio_usb/stdio_usb_descriptors.c.obj
 .bss._app_driver_count
                0x20001f89        0x1 CMakeFiles/semaforo.dir/C_/Users/SMurilo/.pico-sdk/sdk/2.1.1/lib/tinyusb/src/device/usbd.c.obj
 .bss._sof_enable
                0x20001f8a        0x1 CMakeFiles/semaforo.dir/C_/Users/SMurilo/.pico-sdk/sdk/2.1.1/lib/tinyusb/src/portable/raspberrypi/rp2040/dcd_rp2040.c.obj
 .bss._usbd_queued_setup
                0x20001f8b        0x1 CMakeFiles/semaforo.dir/C_/Users/SMurilo/.pico-sdk/sdk/2.1.1/lib/tinyusb/src/device/usbd.c.obj
 .bss.boot2_copyout_valid
                0x20001f8c        0x1 CMakeFiles/semaforo.dir/C_/Users/SMurilo/.pico-sdk/sdk/2.1.1/src/rp2_common/hardware_flash/flash.c.obj
 .bss.botao_acionado
                0x20001f8d        0x1 CMakeFiles/semaforo.dir/semaforo.c.obj
                0x20001f8d                botao_acionado
 .bss.irq_handler_chain_free_slot_head
                0x20001f8e        0x1 CMakeFiles/semaforo.dir/C_/Users/SMurilo/.pico-sdk/sdk/2.1.1/src/rp2_common/hardware_irq/irq.c.obj
 .bss.itf_num   0x20001f8f        0x1 CMakeFiles/semaforo.dir/C_/Users/SMurilo/.pico-sdk/sdk/2.1.1/src/rp2_common/pico_stdio_usb/reset_interface.c.obj
 .bss.low_priority_irq_num
                0x20001f90        0x1 CMakeFiles/semaforo.dir/C_/Users/SMurilo/.pico-sdk/sdk/2.1.1/src/rp2_common/pico_stdio_usb/stdio_usb.c.obj
 .bss.one_shot_timer_pending
                0x20001f91        0x1 CMakeFiles/semaforo.dir/C_/Users/SMurilo/.pico-sdk/sdk/2.1.1/src/rp2_common/pico_stdio_usb/stdio_usb.c.obj
 .bss.user_irq_claimed
                0x20001f92        0x1 CMakeFiles/semaforo.dir/C_/Users/SMurilo/.pico-sdk/sdk/2.1.1/src/rp2_common/hardware_irq/irq.c.obj
 *(COMMON)
                0x20001f94                        . = ALIGN (0x4)
 *fill*         0x20001f93        0x1 
                0x20001f94                        __bss_end__ = .

.heap           0x20001f94      0x800 load address 0x10008638
                0x20001f94                        __end__ = .
                0x20001f94                        end = __end__
 *(.heap*)
 .heap          0x20001f94      0x800 CMakeFiles/semaforo.dir/C_/Users/SMurilo/.pico-sdk/sdk/2.1.1/src/rp2_common/pico_crt0/crt0.S.obj
                0x20040000                        __HeapLimit = (ORIGIN (RAM) + LENGTH (RAM))

.scratch_x      0x20040000        0x0 load address 0x10008638
                0x20040000                        __scratch_x_start__ = .
 *(.scratch_x.*)
                0x20040000                        . = ALIGN (0x4)
                0x20040000                        __scratch_x_end__ = .
                0x10008638                        __scratch_x_source__ = LOADADDR (.scratch_x)

.scratch_y      0x20041000        0x0 load address 0x10008638
                0x20041000                        __scratch_y_start__ = .
 *(.scratch_y.*)
                0x20041000                        . = ALIGN (0x4)
                0x20041000                        __scratch_y_end__ = .
                0x10008638                        __scratch_y_source__ = LOADADDR (.scratch_y)

.stack1_dummy
 *(.stack1*)

.stack_dummy    0x20041000      0x800
 *(.stack*)
 .stack         0x20041000      0x800 CMakeFiles/semaforo.dir/C_/Users/SMurilo/.pico-sdk/sdk/2.1.1/src/rp2_common/pico_crt0/crt0.S.obj

.flash_end      0x10008638        0x0
 *(.embedded_end_block*)
                0x10008638                        PROVIDE (__flash_binary_end = .)
                0x20040000                        __StackLimit = (ORIGIN (RAM) + LENGTH (RAM))
                0x20041000                        __StackOneTop = (ORIGIN (SCRATCH_X) + LENGTH (SCRATCH_X))
                0x20042000                        __StackTop = (ORIGIN (SCRATCH_Y) + LENGTH (SCRATCH_Y))
                0x20041000                        __StackOneBottom = (__StackOneTop - SIZEOF (.stack1_dummy))
                0x20041800                        __StackBottom = (__StackTop - SIZEOF (.stack_dummy))
                0x20042000                        PROVIDE (__stack = __StackTop)
                [!provide]                        PROVIDE (__heap_start = __end__)
                [!provide]                        PROVIDE (__heap_end = __HeapLimit)
                [!provide]                        PROVIDE (__tls_align = MAX (ALIGNOF (.tdata), ALIGNOF (.tbss)))
                [!provide]                        PROVIDE (__tls_size_align = (((__tls_size + __tls_align) - 0x1) & ~ ((__tls_align - 0x1))))
                [!provide]                        PROVIDE (__arm32_tls_tcb_offset = MAX (0x8, __tls_align))
                [!provide]                        PROVIDE (_end = __end__)
                [!provide]                        PROVIDE (__llvm_libc_heap_limit = __HeapLimit)
                0x00000001                        ASSERT ((__StackLimit >= __HeapLimit), region RAM overflowed)
                0x00000001                        ASSERT (((__binary_info_header_end - __logical_binary_start) <= 0x100), Binary info must be in first 256 bytes of the binary)
LOAD CMakeFiles/semaforo.dir/semaforo.c.obj
LOAD CMakeFiles/semaforo.dir/ssd1306.c.obj
LOAD CMakeFiles/semaforo.dir/C_/Users/SMurilo/.pico-sdk/sdk/2.1.1/src/rp2_common/pico_stdlib/stdlib.c.obj
LOAD CMakeFiles/semaforo.dir/C_/Users/SMurilo/.pico-sdk/sdk/2.1.1/src/rp2_common/hardware_gpio/gpio.c.obj
LOAD CMakeFiles/semaforo.dir/C_/Users/SMurilo/.pico-sdk/sdk/2.1.1/src/rp2040/pico_platform/platform.c.obj
LOAD CMakeFiles/semaforo.dir/C_/Users/SMurilo/.pico-sdk/sdk/2.1.1/src/rp2_common/pico_platform_panic/panic.c.obj
LOAD CMakeFiles/semaforo.dir/C_/Users/SMurilo/.pico-sdk/sdk/2.1.1/src/common/hardware_claim/claim.c.obj
LOAD CMakeFiles/semaforo.dir/C_/Users/SMurilo/.pico-sdk/sdk/2.1.1/src/rp2_common/hardware_sync/sync.c.obj
LOAD CMakeFiles/semaforo.dir/C_/Users/SMurilo/.pico-sdk/sdk/2.1.1/src/rp2_common/hardware_sync_spin_lock/sync_spin_lock.c.obj
LOAD CMakeFiles/semaforo.dir/C_/Users/SMurilo/.pico-sdk/sdk/2.1.1/src/rp2_common/hardware_irq/irq.c.obj
LOAD CMakeFiles/semaforo.dir/C_/Users/SMurilo/.pico-sdk/sdk/2.1.1/src/rp2_common/hardware_irq/irq_handler_chain.S.obj
LOAD CMakeFiles/semaforo.dir/C_/Users/SMurilo/.pico-sdk/sdk/2.1.1/src/common/pico_sync/sem.c.obj
LOAD CMakeFiles/semaforo.dir/C_/Users/SMurilo/.pico-sdk/sdk/2.1.1/src/common/pico_sync/lock_core.c.obj
LOAD CMakeFiles/semaforo.dir/C_/Users/SMurilo/.pico-sdk/sdk/2.1.1/src/common/pico_sync/mutex.c.obj
LOAD CMakeFiles/semaforo.dir/C_/Users/SMurilo/.pico-sdk/sdk/2.1.1/src/common/pico_sync/critical_section.c.obj
LOAD CMakeFiles/semaforo.dir/C_/Users/SMurilo/.pico-sdk/sdk/2.1.1/src/common/pico_time/time.c.obj
LOAD CMakeFiles/semaforo.dir/C_/Users/SMurilo/.pico-sdk/sdk/2.1.1/src/common/pico_time/timeout_helper.c.obj
LOAD CMakeFiles/semaforo.dir/C_/Users/SMurilo/.pico-sdk/sdk/2.1.1/src/rp2_common/hardware_timer/timer.c.obj
LOAD CMakeFiles/semaforo.dir/C_/Users/SMurilo/.pico-sdk/sdk/2.1.1/src/common/pico_util/datetime.c.obj
LOAD CMakeFiles/semaforo.dir/C_/Users/SMurilo/.pico-sdk/sdk/2.1.1/src/common/pico_util/pheap.c.obj
LOAD CMakeFiles/semaforo.dir/C_/Users/SMurilo/.pico-sdk/sdk/2.1.1/src/common/pico_util/queue.c.obj
LOAD CMakeFiles/semaforo.dir/C_/Users/SMurilo/.pico-sdk/sdk/2.1.1/src/rp2_common/hardware_uart/uart.c.obj
LOAD CMakeFiles/semaforo.dir/C_/Users/SMurilo/.pico-sdk/sdk/2.1.1/src/rp2_common/hardware_clocks/clocks.c.obj
LOAD CMakeFiles/semaforo.dir/C_/Users/SMurilo/.pico-sdk/sdk/2.1.1/src/rp2_common/hardware_pll/pll.c.obj
LOAD CMakeFiles/semaforo.dir/C_/Users/SMurilo/.pico-sdk/sdk/2.1.1/src/rp2_common/hardware_vreg/vreg.c.obj
LOAD CMakeFiles/semaforo.dir/C_/Users/SMurilo/.pico-sdk/sdk/2.1.1/src/rp2_common/hardware_watchdog/watchdog.c.obj
LOAD CMakeFiles/semaforo.dir/C_/Users/SMurilo/.pico-sdk/sdk/2.1.1/src/rp2_common/hardware_ticks/ticks.c.obj
LOAD CMakeFiles/semaforo.dir/C_/Users/SMurilo/.pico-sdk/sdk/2.1.1/src/rp2_common/pico_bootrom/bootrom.c.obj
LOAD CMakeFiles/semaforo.dir/C_/Users/SMurilo/.pico-sdk/sdk/2.1.1/src/rp2_common/pico_bootrom/bootrom_lock.c.obj
LOAD CMakeFiles/semaforo.dir/C_/Users/SMurilo/.pico-sdk/sdk/2.1.1/src/rp2_common/hardware_boot_lock/boot_lock.c.obj